Archive member included because of file (symbol)

/cygdrive/d/IOT/G510/MQTT/lib/libsys_ext.a(atoi.o)
                              /cygdrive/d/IOT/G510/MQTT/build/hardware.o (atoi)
/cygdrive/d/IOT/G510/MQTT/lib/libsys_ext.a(ctype.o)
                              /cygdrive/d/IOT/G510/MQTT/lib/libsys_ext.a(atoi.o) (_ctype)
/cygdrive/d/IOT/G510/MQTT/lib/libsys_ext.a(inet.o)
                              /cygdrive/d/IOT/G510/MQTT/build/TCP.o (htons)
/cygdrive/d/IOT/G510/MQTT/lib/libsys_ext.a(memcmp.o)
                              /cygdrive/d/IOT/G510/MQTT/build/hardware.o (memcmp)
/cygdrive/d/IOT/G510/MQTT/lib/libsys_ext.a(memcpy.o)
                              /cygdrive/d/IOT/G510/MQTT/build/MQTTPacket.o (memcpy)
/cygdrive/d/IOT/G510/MQTT/lib/libsys_ext.a(memmove.o)
                              /cygdrive/d/IOT/G510/MQTT/build/utils_httpc.o (memmove)
/cygdrive/d/IOT/G510/MQTT/lib/libsys_ext.a(memset.o)
                              /cygdrive/d/IOT/G510/MQTT/build/TCP.o (memset)
/cygdrive/d/IOT/G510/MQTT/lib/libsys_ext.a(sget_response.o)
                              /cygdrive/d/IOT/G510/MQTT/build/cmd.o (sget_response)
/cygdrive/d/IOT/G510/MQTT/lib/libsys_ext.a(strcat.o)
                              /cygdrive/d/IOT/G510/MQTT/build/hardware.o (strcat)
/cygdrive/d/IOT/G510/MQTT/lib/libsys_ext.a(strchr.o)
                              /cygdrive/d/IOT/G510/MQTT/build/genaric.o (strchr)
/cygdrive/d/IOT/G510/MQTT/lib/libsys_ext.a(strcmp.o)
                              /cygdrive/d/IOT/G510/MQTT/build/cmd.o (strcmp)
/cygdrive/d/IOT/G510/MQTT/lib/libsys_ext.a(strcpy.o)
                              /cygdrive/d/IOT/G510/MQTT/build/app.o (strcpy)
/cygdrive/d/IOT/G510/MQTT/lib/libsys_ext.a(strlen.o)
                              /cygdrive/d/IOT/G510/MQTT/build/MQTTPacket.o (strlen)
/cygdrive/d/IOT/G510/MQTT/lib/libsys_ext.a(strncmp.o)
                              /cygdrive/d/IOT/G510/MQTT/build/MQTTPacket.o (strncmp)
/cygdrive/d/IOT/G510/MQTT/lib/libsys_ext.a(strncpy.o)
                              /cygdrive/d/IOT/G510/MQTT/build/device.o (strncpy)
/cygdrive/d/IOT/G510/MQTT/lib/libsys_ext.a(strstr.o)
                              /cygdrive/d/IOT/G510/MQTT/build/guider.o (strstr)
/cygdrive/d/IOT/G510/MQTT/lib/libsys_ext.a(strtok.o)
                              /cygdrive/d/IOT/G510/MQTT/build/hardware.o (strtok)
/cygdrive/d/IOT/G510/MQTT/lib/libsys_ext.a(strtol.o)
                              /cygdrive/d/IOT/G510/MQTT/build/genaric.o (strtol)
/cygdrive/d/IOT/G510/MQTT/lib/libsys_ext.a(vsprintf.o)
                              /cygdrive/d/IOT/G510/MQTT/build/guider.o (vsprintf)
/cygdrive/d/IOT/G510/MQTT/lib/sys_init.lib(sys_callback.o)
                              (--whole-archive)
/cygdrive/d/IOT/G510/MQTT/lib/sys_init.lib(sys_services.o)
                              (--whole-archive)

Allocating common symbols
Common symbol       size              file

hdw_motor_enable_flg
                    0x1               /cygdrive/d/IOT/G510/MQTT/build/TCP.o
LPG_stat            0x4               /cygdrive/d/IOT/G510/MQTT/build/app.o
hdw_start_up_flg    0x1               /cygdrive/d/IOT/G510/MQTT/build/TCP.o
TASK_FOUR           0x4               /cygdrive/d/IOT/G510/MQTT/build/app.o
g_APN               0x40              /cygdrive/d/IOT/G510/MQTT/build/nwsetup.o
mqtt_op_param       0x200             /cygdrive/d/IOT/G510/MQTT/build/app.o
version             0x14              /cygdrive/d/IOT/G510/MQTT/build/app.o
mqtt_ping_time      0x4               /cygdrive/d/IOT/G510/MQTT/build/TCP.o
temp_time           0x4               /cygdrive/d/IOT/G510/MQTT/build/hardware.o
imsi                0x10              /cygdrive/d/IOT/G510/MQTT/build/app.o
gDataSOC            0x5a4             /cygdrive/d/IOT/G510/MQTT/build/TCP.o
imei                0x10              /cygdrive/d/IOT/G510/MQTT/build/app.o
TASK_FIVE           0x4               /cygdrive/d/IOT/G510/MQTT/build/app.o
hdw                 0x0               /cygdrive/d/IOT/G510/MQTT/build/app.o
hdw_oper            0x0               /cygdrive/d/IOT/G510/MQTT/build/TCP.o
gclient_state       0x4               /cygdrive/d/IOT/G510/MQTT/build/TCP.o
mqtt_params         0x3c              /cygdrive/d/IOT/G510/MQTT/build/app.o
TASK_ONE            0x4               /cygdrive/d/IOT/G510/MQTT/build/app.o
sub_data_topic_fail_flag
                    0x1               /cygdrive/d/IOT/G510/MQTT/build/TCP.o
gServersIP          0x8               /cygdrive/d/IOT/G510/MQTT/build/TCP.o
PLMN                0x6               /cygdrive/d/IOT/G510/MQTT/build/nwsetup.o
cmd_buffer          0x404             /cygdrive/d/IOT/G510/MQTT/build/genaric.o
flg                 0x1               /cygdrive/d/IOT/G510/MQTT/build/TCP.o
sub_topic_mark_flag
                    0x1               /cygdrive/d/IOT/G510/MQTT/build/TCP.o
sub_rrpc_topic_suss_flag
                    0x1               /cygdrive/d/IOT/G510/MQTT/build/TCP.o
send_data           0x64              /cygdrive/d/IOT/G510/MQTT/build/app.o
[...]
Memory Configuration

Name             Origin             Length             Attributes
*default*        0x0000000000000000 0xffffffffffffffff

Linker script and memory map

LOAD /cygdrive/d/IOT/G510/MQTT/build/LPG.o
LOAD /cygdrive/d/IOT/G510/MQTT/build/MQTTConnectClient.o
LOAD /cygdrive/d/IOT/G510/MQTT/build/MQTTDeserializePublish.o
LOAD /cygdrive/d/IOT/G510/MQTT/build/MQTTPacket.o
LOAD /cygdrive/d/IOT/G510/MQTT/build/MQTTSerializePublish.o
LOAD /cygdrive/d/IOT/G510/MQTT/build/MQTTSubscribeClient.o
LOAD /cygdrive/d/IOT/G510/MQTT/build/MQTTUnsubscribeClient.o
LOAD /cygdrive/d/IOT/G510/MQTT/build/TCP.o
LOAD /cygdrive/d/IOT/G510/MQTT/build/app.o
LOAD /cygdrive/d/IOT/G510/MQTT/build/ca.o
LOAD /cygdrive/d/IOT/G510/MQTT/build/cmd.o
LOAD /cygdrive/d/IOT/G510/MQTT/build/debug.o
LOAD /cygdrive/d/IOT/G510/MQTT/build/device.o
LOAD /cygdrive/d/IOT/G510/MQTT/build/genaric.o
LOAD /cygdrive/d/IOT/G510/MQTT/build/guider.o
LOAD /cygdrive/d/IOT/G510/MQTT/build/hardware.o
LOAD /cygdrive/d/IOT/G510/MQTT/build/http.o
LOAD /cygdrive/d/IOT/G510/MQTT/build/iot_import.o
LOAD /cygdrive/d/IOT/G510/MQTT/build/json2.o
LOAD /cygdrive/d/IOT/G510/MQTT/build/json_parser.o
LOAD /cygdrive/d/IOT/G510/MQTT/build/json_token.o
LOAD /cygdrive/d/IOT/G510/MQTT/build/lite-log.o
LOAD /cygdrive/d/IOT/G510/MQTT/build/lite-utils_prog.o
LOAD /cygdrive/d/IOT/G510/MQTT/build/lite-utils_testsuites.o
LOAD /cygdrive/d/IOT/G510/MQTT/build/manage.o
LOAD /cygdrive/d/IOT/G510/MQTT/build/mem_stats.o
LOAD /cygdrive/d/IOT/G510/MQTT/build/mqtt_client.o
LOAD /cygdrive/d/IOT/G510/MQTT/build/mqttcloud.o
LOAD /cygdrive/d/IOT/G510/MQTT/build/netsysmsg.o
LOAD /cygdrive/d/IOT/G510/MQTT/build/nwsetup.o
LOAD /cygdrive/d/IOT/G510/MQTT/build/sdk-impl.o
LOAD /cygdrive/d/IOT/G510/MQTT/build/string_utils.o
LOAD /cygdrive/d/IOT/G510/MQTT/build/utils_base64.o
LOAD /cygdrive/d/IOT/G510/MQTT/build/utils_epoch_time.o
LOAD /cygdrive/d/IOT/G510/MQTT/build/utils_hmac.o
LOAD /cygdrive/d/IOT/G510/MQTT/build/utils_httpc.o
LOAD /cygdrive/d/IOT/G510/MQTT/build/utils_list.o
LOAD /cygdrive/d/IOT/G510/MQTT/build/utils_md5.o
LOAD /cygdrive/d/IOT/G510/MQTT/build/utils_net.o
LOAD /cygdrive/d/IOT/G510/MQTT/build/utils_sha1.o
LOAD /cygdrive/d/IOT/G510/MQTT/build/utils_timer.o
LOAD /cygdrive/d/IOT/G510/MQTT/lib/libsys_ext.a
LOAD /cygdrive/d/IOT/G510/MQTT/tool/libgcc.a
LOAD /cygdrive/d/IOT/G510/MQTT/lib/sys_init.lib
                0x0000000088250000                . = 0x88250000
                0x0000000088250000                _app_start = .

.sys_vt         0x0000000088250000       0x20
 *(.SYS_VVT)
 .SYS_VVT       0x0000000088250000       0x20 /cygdrive/d/IOT/G510/MQTT/lib/sys_init.lib(sys_callback.o)
                0x0000000088250000                __sys_vt__

.app_code       0x0000000088250020    0x139c0
 *(.text)
 .text          0x0000000088250020       0xe4 /cygdrive/d/IOT/G510/MQTT/build/LPG.o
                0x0000000088250021                LPG_set_mode
                0x000000008825002d                LPG_get_current_mode
                0x0000000088250051                LPG_TAsK
                0x00000000882500d1                LPG_init
 .text          0x0000000088250104      0x310 /cygdrive/d/IOT/G510/MQTT/build/MQTTConnectClient.o
                0x0000000088250105                MQTTSerialize_zero
                0x000000008825015d                MQTTSerialize_pingreq
                0x0000000088250171                MQTTSerialize_disconnect
                0x0000000088250185                MQTTDeserialize_connack
                0x00000000882501f5                MQTTSerialize_connectLength
                0x000000008825028d                MQTTSerialize_connect
 .text          0x0000000088250414      0x110 /cygdrive/d/IOT/G510/MQTT/build/MQTTDeserializePublish.o
                0x0000000088250415                MQTTDeserialize_ack
                0x0000000088250471                MQTTDeserialize_publish
 .text          0x0000000088250524      0x504 /cygdrive/d/IOT/G510/MQTT/build/MQTTPacket.o
                0x0000000088250525                MQTTPacket_encode
                0x000000008825057d                MQTTPacket_decode
                0x0000000088250651                MQTTPacket_len
                0x0000000088250679                bufchar
                0x000000008825069d                MQTTPacket_decodeBuf
                0x00000000882506c1                readInt
                0x00000000882506d1                readChar
                0x00000000882506dd                writeChar
                0x00000000882506e9                writeInt
                0x000000008825073d                getLenStringLen
                0x0000000088250749                readMQTTLenString
                0x000000008825079d                MQTTPacket_read
                0x00000000882507f9                MQTTPacket_readnb
                0x0000000088250901                MQTTstrlen
                0x0000000088250925                MQTTPacket_equals
                0x000000008825097d                writeCString
                0x00000000882509c1                writeMQTTString
 .text          0x0000000088250a28      0x1fc /cygdrive/d/IOT/G510/MQTT/build/MQTTSerializePublish.o
                0x0000000088250a29                MQTTSerialize_ack
                0x0000000088250ab9                MQTTSerialize_pubcomp
                0x0000000088250ad9                MQTTSerialize_pubrel
                0x0000000088250afd                MQTTSerialize_puback
                0x0000000088250b1d                MQTTSerialize_publishLength
                0x0000000088250b4d                MQTTSerialize_publish
 .text          0x0000000088250c24      0x1c4 /cygdrive/d/IOT/G510/MQTT/build/MQTTSubscribeClient.o
                0x0000000088250c25                MQTTDeserialize_suback
                0x0000000088250cd9                MQTTSerialize_subscribeLength
                0x0000000088250d1d                MQTTSerialize_subscribe
 .text          0x0000000088250de8      0x138 /cygdrive/d/IOT/G510/MQTT/build/MQTTUnsubscribeClient.o
                0x0000000088250de9                MQTTDeserialize_unsuback
                0x0000000088250e21                MQTTSerialize_unsubscribeLength
                0x0000000088250e65                MQTTSerialize_unsubscribe
 .text          0x0000000088250f20      0x9e8 /cygdrive/d/IOT/G510/MQTT/build/TCP.o
                0x0000000088250f21                sys_setState
                0x0000000088250f2d                sys_getState
                0x0000000088250f39                at_setState
                0x0000000088250f45                at_getState
                0x0000000088250f51                ght_initParam
                0x0000000088250f99                Event_DataSockSend
                0x0000000088250fe9                ght_socket_close
                0x0000000088251059                Event_DataSockRecv
                0x0000000088251199                ght_deactive_ppp_proc
                0x0000000088251201                ght_active_ppp_proc
                0x0000000088251305                TCP_connect
                0x00000000882515f9                getapn
                0x0000000088251651                ght_CSQcheck
                0x0000000088251799                ght_get_firmware
                0x00000000882517dd                ght_atCommand
                0x00000000882517f9                ATcommandTest
                0x000000008825184d                TCPlistenProc
 .text          0x0000000088251908      0xa54 /cygdrive/d/IOT/G510/MQTT/build/app.o
                0x0000000088251909                setTcpSocketStatus
                0x0000000088251921                getSigStr
                0x00000000882519b1                app5
                0x0000000088251ac9                gapp3_ota_hanlder
                0x0000000088251aed                gapp1_softreset_hanlder
                0x0000000088251b29                gapp1_ping_hanlder
                0x0000000088251b65                app4
                0x0000000088251be5                app3
                0x0000000088251da1                app2
                0x0000000088251e11                app1
                0x0000000088252185                gapp1_sencond_timer_handler
                0x00000000882521b5                sig_in
                0x0000000088252289                at_in
                0x00000000882522f5                uart_in
 .text          0x000000008825235c        0xc /cygdrive/d/IOT/G510/MQTT/build/ca.o
                0x000000008825235d                iotx_ca_get
 .text          0x0000000088252368     0x208c /cygdrive/d/IOT/G510/MQTT/build/cmd.o
                0x0000000088252369                cmd_aliconn
                0x0000000088252379                cmd_hdw_test
                0x000000008825237d                cmd_sock_close_rsp_handle
                0x0000000088252449                cmd_sock_connect_handle
                0x0000000088252569                cmd_sock_close_ind_handle
                0x000000008825268d                cmd_sock_error_handle
                0x000000008825285d                cmd_restart
                0x000000008825289d                cmd_sock_data_recv_handle
                0x0000000088252b35                cmdcmp
                0x0000000088252bb9                irq1
                0x0000000088252be1                irq0
                0x0000000088252c09                cmd_list
                0x0000000088252c5d                call_cmd
                0x0000000088252d45                cmd_proccess
                0x0000000088252e3d                cmd_sendmsg
                0x0000000088252f0d                cmd_fileclose
                0x0000000088252f6d                cmd_memalloc
                0x0000000088253025                cmd_fileopen
                0x00000000882530e1                cmd_filewrite
                0x000000008825317d                cmd_fileseek
                0x000000008825320d                cmd_fileread
                0x0000000088253279                cmd_gb2UI
                0x00000000882532e5                cmd_gpioget
                0x0000000088253351                cmd_gpioset
                0x00000000882533c5                cmd_testpin
                0x0000000088253469                cmd_stop
                0x00000000882534a5                cmd_start
                0x00000000882534f1                cmd_gpiocfg
                0x0000000088253559                cmd_wsmac
                0x0000000088253679                cmd_ali_pub
                0x0000000088253719                cmd_ali_sub
                0x0000000088253799                cmd_mqttkey
                0x0000000088253851                test_timer_hanlder
                0x0000000088253881                cmd_testtimer
                0x0000000088253905                cmd_openlog
                0x0000000088253941                cmd_closelog
                0x0000000088253959                cmd_iccid
                0x00000000882539b5                cmd_imsi
                0x0000000088253a09                cmd_imei
                0x0000000088253a55                cmd_csq
                0x0000000088253a7d                cmd_ota
                0x0000000088253b69                cmd_fileclear
                0x0000000088253b9d                cmd_pinirq
                0x0000000088253c25                cmd_lpgctrl
                0x0000000088253c99                cmd_at
                0x0000000088253d19                cmd_ver
                0x0000000088253d4d                cmd_pdp
                0x0000000088253e31                cmd_tcpsend
                0x0000000088253ee5                cmd_tcp
                0x0000000088253ffd                cmd_udpsend
                0x00000000882540f9                cmd_udp
                0x00000000882541a9                cmd_mipcall
                0x0000000088254279                cmd_ping
 .text          0x00000000882543f4       0x7c /cygdrive/d/IOT/G510/MQTT/build/debug.o
                0x00000000882543f5                sys_printf
                0x0000000088254431                sys_debug
 .text          0x0000000088254470      0x144 /cygdrive/d/IOT/G510/MQTT/build/device.o
                0x0000000088254471                iotx_device_info_get
                0x000000008825447d                iotx_conn_info_get
                0x0000000088254489                iotx_device_info_init
                0x0000000088254501                iotx_device_info_set
 .text          0x00000000882545b4      0x46c /cygdrive/d/IOT/G510/MQTT/build/genaric.o
                0x00000000882545b5                AT_GetErrorCode
                0x00000000882545c1                AT_GetErrorInfo
                0x00000000882545cd                init_sending_command
                0x000000008825463d                process_response
                0x0000000088254739                send_command
                0x0000000088254761                send_command_wait
                0x0000000088254851                wait_ok_proc
                0x0000000088254985                at_handle
 .text          0x0000000088254a20      0x50c /cygdrive/d/IOT/G510/MQTT/build/guider.o
                0x0000000088254a61                iotx_guider_authenticate
 .text          0x0000000088254f2c      0xd18 /cygdrive/d/IOT/G510/MQTT/build/hardware.o
                0x0000000088254f2d                hdw_motor_timer_hanlder
                0x0000000088254fdd                gapp3_device_on_hanlder
                0x0000000088255019                hdw_send_ping_data
                0x0000000088255035                hdw_send_stop_data
                0x0000000088255049                hdw_send_init_data
                0x000000008825509d                hdw_ini_register_json_parser
                0x0000000088255165                hdw_send_register_data
                0x00000000882551d1                WriteDevParamToFlash
                0x000000008825527d                ReadDevParam
                0x000000008825535d                circle_times
                0x0000000088255405                hdw_startDevice
                0x0000000088255485                hdw_rrpc_topic_message_process
                0x00000000882555bd                hdw_data_topic_message_process
                0x0000000088255851                hdw_test_self
                0x00000000882558e9                hdw_gpio_init
                0x0000000088255935                hdw_watchdog_disable
                0x0000000088255949                hdw_watchdog_feed
                0x000000008825595d                hdw_dev_init_timer_hanlder
                0x000000008825598d                hdw_watchdog_enable
                0x00000000882559a5                hdw_dev_init
                0x0000000088255b11                hdw_dev_initial
 .text          0x0000000088255c44      0x8a8 /cygdrive/d/IOT/G510/MQTT/build/http.o
                0x0000000088255c45                setUDSocketStatus
                0x0000000088255c51                UD_Http_GET
                0x0000000088255d45                soft_update_use_http
                0x0000000088256055                Http_GET
                0x0000000088256131                Http_HeadLen
                0x0000000088256171                Http_BodyLen
                0x00000000882561d5                ParseUDHttpData
                0x00000000882563f9                http_gethost_info
 .text          0x00000000882564ec      0x264 /cygdrive/d/IOT/G510/MQTT/build/iot_import.o
                0x00000000882564ed                HAL_MutexCreate
                0x00000000882564f1                HAL_MutexDestroy
                0x00000000882564f5                HAL_MutexLock
                0x00000000882564f9                HAL_MutexUnlock
                0x00000000882564fd                HAL_GetPartnerID
                0x0000000088256501                HAL_SSL_Establish
                0x0000000088256505                HAL_SSL_Destroy
                0x0000000088256509                HAL_SSL_Write
                0x000000008825650d                HAL_SSL_Read
                0x0000000088256511                HAL_TCP_Read
                0x000000008825652d                HAL_TCP_Write
                0x0000000088256555                HAL_TCP_Destroy
                0x000000008825656d                HAL_SleepMs
                0x0000000088256581                HAL_TCP_Establish
                0x00000000882566c9                HAL_Printf
                0x0000000088256715                HAL_UptimeMs
                0x0000000088256729                HAL_Free
                0x000000008825673d                HAL_Malloc
 .text          0x0000000088256750       0xec /cygdrive/d/IOT/G510/MQTT/build/json2.o
                0x0000000088256751                json_check_value
                0x0000000088256769                json_check
                0x00000000882567a9                json_get_value
 .text          0x000000008825683c      0x50c /cygdrive/d/IOT/G510/MQTT/build/json_parser.o
                0x000000008825683d                json_get_object
                0x0000000088256861                json_get_value_by_name_cb
                0x00000000882568a1                json_get_next_object
                0x0000000088256ae5                json_parse_name_value
                0x0000000088256c21                json_get_value_by_name
 .text          0x0000000088256d48      0x3b0 /cygdrive/d/IOT/G510/MQTT/build/json_token.o
                0x0000000088256d49                LITE_json_keys_release
                0x0000000088256d99                LITE_json_keys_of
                0x0000000088256f39                LITE_json_value_of
 .text          0x00000000882570f8      0x468 /cygdrive/d/IOT/G510/MQTT/build/lite-log.o
                0x00000000882570f9                LITE_log_enabled
                0x00000000882570fd                LITE_get_logname
                0x0000000088257109                LITE_get_loglevel
                0x0000000088257115                LITE_set_loglevel
                0x0000000088257121                log_multi_line_internal
                0x0000000088257221                LITE_closelog
                0x000000008825724d                LITE_openlog
                0x0000000088257275                LITE_syslog
                0x000000008825733d                LITE_hexdump
                0x00000000882574fd                LITE_rich_hexdump
 .text          0x0000000088257560       0x2c /cygdrive/d/IOT/G510/MQTT/build/lite-utils_prog.o
                0x0000000088257561                main
 .text          0x000000008825758c      0x498 /cygdrive/d/IOT/G510/MQTT/build/lite-utils_testsuites.o
                0x000000008825758d                unittest_json_parser
                0x0000000088257621                unittest_json_token
                0x0000000088257771                unittest_string_utils
 .text          0x0000000088257a24      0xc64 /cygdrive/d/IOT/G510/MQTT/build/manage.o
                0x0000000088257a29                AT_GetGRegister
                0x0000000088257a2d                AT_CheckSIM
                0x0000000088257a31                AT_SetAutoGSMReg
                0x0000000088257a5d                AT_SetAutoGPRSReg
                0x0000000088257a89                AT_SwitchToData
                0x0000000088257ab5                AT_SwitchToCmd
                0x0000000088257ae1                AT_GetRegister
                0x0000000088257b11                AT_RestorePara
                0x0000000088257b3d                AT_GetSignal
                0x0000000088257b71                AT_GetICCID
                0x0000000088257b9d                AT_GetIMSI
                0x0000000088257bc9                AT_GetSerialNumber
                0x0000000088257bf5                AT_GetManufactory
                0x0000000088257e61                AT_CheckPin
                0x0000000088258131                AT_SetSleep
                0x0000000088258171                AT_SetEcho
                0x00000000882581b1                AT_SetModuleTime
                0x0000000088258219                AT_SetErrorNotify
                0x0000000088258259                AT_InputPin
                0x00000000882582c9                AT_ChangePwd
                0x0000000088258309                AT_SetGPRSLink
                0x0000000088258351                AT_GPRSAttach
                0x000000008825839d                AT_GPRSActive
                0x00000000882583dd                AT_GetModuleTime
                0x0000000088258415                AT_Ping_Test
                0x00000000882584e9                AT_InitSet
                0x00000000882585e1                GPRS_InitSet
 .text          0x0000000088258688       0xe0 /cygdrive/d/IOT/G510/MQTT/build/mem_stats.o
                0x0000000088258689                LITE_dump_malloc_free_stats
                0x00000000882586b1                LITE_free_internal
                0x00000000882586c5                LITE_free_routine
                0x0000000088258705                LITE_realloc_internal
                0x0000000088258719                LITE_malloc_internal
                0x000000008825874d                LITE_malloc_routine
 .text          0x0000000088258768     0x2b94 /cygdrive/d/IOT/G510/MQTT/build/mqtt_client.o
                0x00000000882587b1                hdw_get_mqtt_client_state
                0x000000008825886d                IOT_MQTT_CheckStateNormal
                0x0000000088258c21                IOT_MQTT_Unsubscribe
                0x0000000088258e6d                IOT_MQTT_Subscribe
                0x0000000088259769                IOT_MQTT_Destroy
                0x00000000882597f5                MQTTPublish
                0x0000000088259a69                IOT_MQTT_Publish
                0x0000000088259bb5                MQTTConnect
                0x000000008825a185                IOT_MQTT_Yield
                0x000000008825ade5                IOT_MQTT_KEEPALIVE_AND_CHECK
                0x000000008825adfd                IOT_MQTT_Construct
 .text          0x000000008825b2fc      0xda8 /cygdrive/d/IOT/G510/MQTT/build/mqttcloud.o
                0x000000008825b2fd                Op_ali_sub
                0x000000008825b301                mqtt_client
                0x000000008825b305                tryPingAndKeepAlive
                0x000000008825b351                Op_ali_pub
                0x000000008825b411                hdw_send_ping_toserver
                0x000000008825b4c9                hdw_data_topic_register
                0x000000008825b52d                hdw_response_topic_register
                0x000000008825b625                hdw_send_stop_order_toserver
                0x000000008825b6dd                hdw_publish_send_init_data
                0x000000008825b79d                Op_aliconn
                0x000000008825b7f1                mqtt_rrpc_msg_arrive
                0x000000008825b981                Cloud_Param_Init
                0x000000008825ba69                event_handle
                0x000000008825be91                CloudTick
 .text          0x000000008825c0a4      0x15c /cygdrive/d/IOT/G510/MQTT/build/netsysmsg.o
                0x000000008825c0b9                other_response
 .text          0x000000008825c200      0x374 /cygdrive/d/IOT/G510/MQTT/build/nwsetup.o
                0x000000008825c201                Network_Tick_Form_TCP
                0x000000008825c215                GetAPNFromCarrier
                0x000000008825c399                Network_Tick
 .text          0x000000008825c574      0x1ac /cygdrive/d/IOT/G510/MQTT/build/sdk-impl.o
                0x000000008825c575                IOT_SetupConnInfo
                0x000000008825c66d                IOT_DumpMemoryStats
                0x000000008825c6a5                IOT_SetLogLevel
                0x000000008825c6e5                IOT_CloseLog
                0x000000008825c6f9                IOT_OpenLog
 .text          0x000000008825c720      0x388 /cygdrive/d/IOT/G510/MQTT/build/string_utils.o
                0x000000008825c721                LITE_hexbuf_convert
                0x000000008825c7a1                LITE_replace_substr
                0x000000008825c865                LITE_hexstr_convert
                0x000000008825c8dd                LITE_strdup
                0x000000008825c959                LITE_format_nstring
                0x000000008825ca11                LITE_format_string
 .text          0x000000008825caa8      0x2bc /cygdrive/d/IOT/G510/MQTT/build/utils_base64.o
                0x000000008825caa9                utils_base64decode
                0x000000008825cc0d                utils_base64encode
 .text          0x000000008825cd64       0xf4 /cygdrive/d/IOT/G510/MQTT/build/utils_epoch_time.o
                0x000000008825cd65                utils_get_epoch_time
 .text          0x000000008825ce58      0x478 /cygdrive/d/IOT/G510/MQTT/build/utils_hmac.o
                0x000000008825ce59                utils_hmac_sha1
                0x000000008825d015                utils_hmac_md5
 .text          0x000000008825d2d0     0x1330 /cygdrive/d/IOT/G510/MQTT/build/utils_httpc.o
                0x000000008825d2d1                httpclient_set_custom_header
                0x000000008825d2d5                httpclient_close
                0x000000008825d2f5                utils_get_response_code
                0x000000008825d2f9                httpclient_connect
                0x000000008825d331                httpclient_send_userdata
                0x000000008825d889                Http_Response_Code
                0x000000008825d8ed                httpclient_recv_response
                0x000000008825dc11                httpclient_basic_auth
                0x000000008825dc5d                httpclient_get_info
                0x000000008825dcdd                httpclient_send_auth
                0x000000008825deb9                httpclient_send_header
                0x000000008825e2e1                httpclient_send_request
                0x000000008825e369                httpclient_common
                0x000000008825e4b5                iotx_post
 .text          0x000000008825e600      0x31c /cygdrive/d/IOT/G510/MQTT/build/utils_list.o
                0x000000008825e601                list_rpush
                0x000000008825e631                list_rpop
                0x000000008825e65d                list_lpop
                0x000000008825e689                list_lpush
                0x000000008825e6b9                list_iterator_next
                0x000000008825e6d1                list_node_new
                0x000000008825e701                list_iterator_new_from_node
                0x000000008825e731                list_iterator_new
                0x000000008825e755                list_new
                0x000000008825e781                list_iterator_destroy
                0x000000008825e7c1                list_at
                0x000000008825e821                list_find
                0x000000008825e885                list_remove
                0x000000008825e8d1                list_destroy
 .text          0x000000008825e91c      0xfe0 /cygdrive/d/IOT/G510/MQTT/build/utils_md5.o
                0x000000008825e91d                utils_md5_clone
                0x000000008825e931                utils_md5_starts
                0x000000008825e959                utils_md5_process
                0x000000008825f6e9                utils_hb2hex
                0x000000008825f705                utils_md5_update
                0x000000008825f7b9                utils_md5_finish
                0x000000008825f879                utils_md5_init
                0x000000008825f891                utils_md5_free
                0x000000008825f8a5                utils_md5
 .text          0x000000008825f8fc      0x214 /cygdrive/d/IOT/G510/MQTT/build/utils_net.o
                0x000000008825f8fd                iotx_net_init
                0x000000008825fa35                iotx_net_connect
                0x000000008825fa79                iotx_net_disconnect
                0x000000008825faad                utils_net_write
                0x000000008825fad5                read_tcp
                0x000000008825fae9                utils_net_read
 .text          0x000000008825fb10     0x199c /cygdrive/d/IOT/G510/MQTT/build/utils_sha1.o
                0x000000008825fb11                utils_sha1_clone
                0x000000008825fb25                utils_sha1_starts
                0x000000008825fb55                utils_sha1_process
                0x00000000882612a5                utils_sha1_update
                0x0000000088261359                utils_sha1_finish
                0x0000000088261429                utils_sha1_init
                0x0000000088261441                utils_sha1_free
                0x0000000088261455                utils_sha1
 .text          0x00000000882614ac      0x150 /cygdrive/d/IOT/G510/MQTT/build/utils_timer.o
                0x00000000882614ad                iotx_time_init
                0x00000000882614b9                utils_time_get_ms
                0x00000000882614cd                utils_time_is_expired
                0x0000000088261505                iotx_time_left
                0x000000008826153d                utils_time_spend
                0x0000000088261569                iotx_time_start
                0x0000000088261589                utils_time_countdown_ms
 .text          0x00000000882615fc       0x34 /cygdrive/d/IOT/G510/MQTT/lib/libsys_ext.a(atoi.o)
                0x00000000882615fd                atoi
 .text          0x0000000088261630       0x40 /cygdrive/d/IOT/G510/MQTT/lib/libsys_ext.a(ctype.o)
                0x0000000088261631                __tolower
                0x0000000088261651                __toupper
 .text          0x0000000088261670       0x60 /cygdrive/d/IOT/G510/MQTT/lib/libsys_ext.a(inet.o)
                0x0000000088261671                htons
                0x0000000088261681                ntohs
                0x0000000088261699                htonl
                0x00000000882616bd                ntohl
 .text          0x00000000882616d0       0x20 /cygdrive/d/IOT/G510/MQTT/lib/libsys_ext.a(memcmp.o)
                0x00000000882616d1                memcmp
 .text          0x00000000882616f0      0x1ac /cygdrive/d/IOT/G510/MQTT/lib/libsys_ext.a(memcpy.o)
                0x00000000882616f1                memcpy
 .text          0x000000008826189c      0x17c /cygdrive/d/IOT/G510/MQTT/lib/libsys_ext.a(memmove.o)
                0x000000008826189d                memmove
 .text          0x0000000088261a18      0x1f4 /cygdrive/d/IOT/G510/MQTT/lib/libsys_ext.a(memset.o)
                0x0000000088261a19                memset
 .text          0x0000000088261c0c      0x220 /cygdrive/d/IOT/G510/MQTT/lib/libsys_ext.a(sget_response.o)
                0x0000000088261c0d                sget_response
 .text          0x0000000088261e2c       0x20 /cygdrive/d/IOT/G510/MQTT/lib/libsys_ext.a(strcat.o)
                0x0000000088261e2d                strcat
 .text          0x0000000088261e4c       0x40 /cygdrive/d/IOT/G510/MQTT/lib/libsys_ext.a(strchr.o)
                0x0000000088261e4d                strchr
                0x0000000088261e71                strrchr
 .text          0x0000000088261e8c       0x20 /cygdrive/d/IOT/G510/MQTT/lib/libsys_ext.a(strcmp.o)
                0x0000000088261e8d                strcmp
 .text          0x0000000088261eac       0x18 /cygdrive/d/IOT/G510/MQTT/lib/libsys_ext.a(strcpy.o)
                0x0000000088261ead                strcpy
 .text          0x0000000088261ec4       0x38 /cygdrive/d/IOT/G510/MQTT/lib/libsys_ext.a(strlen.o)
                0x0000000088261ec5                strlen
                0x0000000088261ed9                strnlen
 .text          0x0000000088261efc       0x24 /cygdrive/d/IOT/G510/MQTT/lib/libsys_ext.a(strncmp.o)
                0x0000000088261efd                strncmp
 .text          0x0000000088261f20       0x94 /cygdrive/d/IOT/G510/MQTT/lib/libsys_ext.a(strncpy.o)
                0x0000000088261f21                strncpy
 .text          0x0000000088261fb4       0x54 /cygdrive/d/IOT/G510/MQTT/lib/libsys_ext.a(strstr.o)
                0x0000000088261fb5                strstr
 .text          0x0000000088262008       0xc0 /cygdrive/d/IOT/G510/MQTT/lib/libsys_ext.a(strtok.o)
                0x0000000088262009                strtok_r
                0x0000000088262065                strtok
 .text          0x00000000882620c8      0x1bc /cygdrive/d/IOT/G510/MQTT/lib/libsys_ext.a(strtol.o)
                0x00000000882620c9                strtol
 .text          0x0000000088262284      0x774 /cygdrive/d/IOT/G510/MQTT/lib/libsys_ext.a(vsprintf.o)
                0x0000000088262469                vsnprintf
                0x00000000882629a1                vsprintf
                0x00000000882629bd                snprintf
                0x00000000882629d9                sprintf
 .text          0x00000000882629f8      0x138 /cygdrive/d/IOT/G510/MQTT/lib/sys_init.lib(sys_callback.o)
                0x00000000882629f9                __sys_init__
 .text          0x0000000088262b30      0xeb0 /cygdrive/d/IOT/G510/MQTT/lib/sys_init.lib(sys_services.o)
                0x0000000088262b31                sys_uart_output
                0x0000000088262b69                sys_vsnprintf
                0x0000000088262b91                sys_services_setup
                0x0000000088262ba1                sys_taskSend
                0x0000000088262bc9                sys_taskSleep
                0x0000000088262bf1                sys_at_send
                0x0000000088262c2d                file_name_check
                0x0000000088262cd1                sys_file_seek
                0x0000000088262d05                sys_file_read
                0x0000000088262d45                sys_file_write
                0x0000000088262d85                sys_file_close
                0x0000000088262dbd                sys_file_delete
                0x0000000088262e01                sys_file_getSize
                0x0000000088262e31                sys_file_flush
                0x0000000088262e7d                sys_file_EOF
                0x0000000088262ead                sys_file_clear
                0x0000000088262ee5                sys_sem_new
                0x0000000088262f11                sys_sem_free
                0x0000000088262f31                sys_sem_wait
                0x0000000088262f51                sys_sem_signal
                0x0000000088262f71                sys_timer_new
                0x0000000088262fad                sys_period_timer_new
                0x0000000088262fed                sys_timer_free
                0x0000000088263025                sys_getHostByName
                0x000000008826306d                sys_sock_create
                0x0000000088263095                sys_sock_close
                0x00000000882630bd                sys_sock_connect
                0x00000000882630e5                sys_sock_listen
                0x000000008826310d                sys_sock_bind
                0x0000000088263135                sys_sock_accept
                0x000000008826315d                sys_sock_send
                0x0000000088263199                sys_sock_send2
                0x00000000882631d5                sys_sock_recv
                0x0000000088263211                sys_sock_recvFrom
                0x000000008826324d                sys_sock_setOpt
                0x0000000088263279                sys_sock_getOpt
                0x00000000882632a5                sys_malloc
                0x00000000882632cd                sys_free
                0x00000000882632ed                sys_getSysTick
                0x0000000088263315                sys_softReset
                0x0000000088263335                sys_PDPActive
                0x000000008826335d                sys_PDPRelease
                0x0000000088263385                sys_PDPStatus
                0x00000000882633ad                sys_hookUart
                0x00000000882633d5                sys_setRTC
                0x0000000088263411                sys_getRTC
                0x000000008826344d                sys_setRTC_timerMode
                0x0000000088263485                sys_setRTC_timerSwitch
                0x00000000882634bd                sys_setRTC_timerCB
                0x00000000882634f5                sys_setRTC_alarm
                0x0000000088263531                sys_setRTC_alarmON
                0x000000008826355d                sys_setRTC_alarmOFF
                0x0000000088263589                sys_setRTC_alarmCB
                0x00000000882635c1                sys_eventTrace
                0x00000000882635f1                sys_enterCS
                0x0000000088263611                sys_exitCS
                0x0000000088263631                sys_watchdog_enable
                0x000000008826365d                sys_watchdog_disable
                0x000000008826367d                sys_watchdog_feed
                0x000000008826369d                sys_GB2UNI
                0x00000000882636d5                sys_UNI2GB
                0x0000000088263701                sys_gpio_cfg
                0x0000000088263729                sys_gpio_set
                0x0000000088263755                sys_gpio_get
                0x000000008826377d                sys_set
                0x00000000882637ad                sys_get
                0x00000000882637dd                sys_getCurrTimeInTicks
                0x0000000088263805                i2c_open
                0x000000008826382d                i2c_close
                0x000000008826384d                i2c_send_byte
                0x0000000088263879                i2c_get_byte
                0x00000000882638a1                i2c_send_data
                0x00000000882638cd                i2c_get_data
                0x00000000882638f9                sys_textTrace
                0x0000000088263965                sys_file_open

.app_rodata     0x00000000882639e0     0x58b4
 *(.rodata)
 .rodata        0x00000000882639e0       0x10 /cygdrive/d/IOT/G510/MQTT/build/LPG.o
 .rodata        0x00000000882639f0       0xb0 /cygdrive/d/IOT/G510/MQTT/build/TCP.o
 .rodata        0x0000000088263aa0       0x54 /cygdrive/d/IOT/G510/MQTT/build/app.o
 .rodata        0x0000000088263af4        0x4 /cygdrive/d/IOT/G510/MQTT/build/ca.o
 .rodata        0x0000000088263af8      0x33c /cygdrive/d/IOT/G510/MQTT/build/cmd.o
 .rodata        0x0000000088263e34       0x30 /cygdrive/d/IOT/G510/MQTT/build/device.o
 .rodata        0x0000000088263e64       0x34 /cygdrive/d/IOT/G510/MQTT/build/guider.o
 .rodata        0x0000000088263e98      0x118 /cygdrive/d/IOT/G510/MQTT/build/hardware.o
 .rodata        0x0000000088263fb0       0x64 /cygdrive/d/IOT/G510/MQTT/build/http.o
 .rodata        0x0000000088264014       0x14 /cygdrive/d/IOT/G510/MQTT/build/iot_import.o
 .rodata        0x0000000088264028       0x18 /cygdrive/d/IOT/G510/MQTT/build/json_parser.o
 .rodata        0x0000000088264040       0x50 /cygdrive/d/IOT/G510/MQTT/build/json_token.o
 .rodata        0x0000000088264090       0x18 /cygdrive/d/IOT/G510/MQTT/build/lite-log.o
 .rodata        0x00000000882640a8       0x8c /cygdrive/d/IOT/G510/MQTT/build/lite-utils_testsuites.o
 .rodata        0x0000000088264134       0x10 /cygdrive/d/IOT/G510/MQTT/build/manage.o
 .rodata        0x0000000088264144       0x44 /cygdrive/d/IOT/G510/MQTT/build/mem_stats.o
 .rodata        0x0000000088264188      0x434 /cygdrive/d/IOT/G510/MQTT/build/mqtt_client.o
 .rodata        0x00000000882645bc       0xe8 /cygdrive/d/IOT/G510/MQTT/build/mqttcloud.o
 .rodata        0x00000000882646a4       0x24 /cygdrive/d/IOT/G510/MQTT/build/nwsetup.o
 .rodata        0x00000000882646c8       0x38 /cygdrive/d/IOT/G510/MQTT/build/sdk-impl.o
 .rodata        0x0000000088264700       0x5c /cygdrive/d/IOT/G510/MQTT/build/string_utils.o
 .rodata        0x000000008826475c       0x74 /cygdrive/d/IOT/G510/MQTT/build/utils_base64.o
 .rodata        0x00000000882647d0       0x18 /cygdrive/d/IOT/G510/MQTT/build/utils_epoch_time.o
 .rodata        0x00000000882647e8      0x150 /cygdrive/d/IOT/G510/MQTT/build/utils_httpc.o
 .rodata        0x0000000088264938       0x50 /cygdrive/d/IOT/G510/MQTT/build/utils_list.o
 .rodata        0x0000000088264988       0x40 /cygdrive/d/IOT/G510/MQTT/build/utils_md5.o
 .rodata        0x00000000882649c8       0x1c /cygdrive/d/IOT/G510/MQTT/build/utils_net.o
 .rodata        0x00000000882649e4       0x40 /cygdrive/d/IOT/G510/MQTT/build/utils_sha1.o
 .rodata        0x0000000088264a24      0x100 /cygdrive/d/IOT/G510/MQTT/lib/libsys_ext.a(ctype.o)
                0x0000000088264a24                _ctype
 *(.rodata.str1.1)
 *(.rodata.str1.4)
 .rodata.str1.4
                0x0000000088264b24       0x2d /cygdrive/d/IOT/G510/MQTT/build/LPG.o
                                         0x30 (size before relaxing)
 *fill*         0x0000000088264b51        0x3 00
 .rodata.str1.4
                0x0000000088264b54        0xf /cygdrive/d/IOT/G510/MQTT/build/MQTTConnectClient.o
                                         0x10 (size before relaxing)
 *fill*         0x0000000088264b63        0x1 00
 .rodata.str1.4
                0x0000000088264b64      0x45a /cygdrive/d/IOT/G510/MQTT/build/TCP.o
                                        0x460 (size before relaxing)
 *fill*         0x0000000088264fbe        0x2 00
 .rodata.str1.4
                0x0000000088264fc0      0x425 /cygdrive/d/IOT/G510/MQTT/build/app.o
                                        0x428 (size before relaxing)
 *fill*         0x00000000882653e5        0x3 00
 .rodata.str1.4
                0x00000000882653e8      0x501 /cygdrive/d/IOT/G510/MQTT/build/ca.o
                                        0x504 (size before relaxing)
 *fill*         0x00000000882658e9        0x3 00
 .rodata.str1.4
                0x00000000882658ec      0xa1d /cygdrive/d/IOT/G510/MQTT/build/cmd.o
                                        0xaa0 (size before relaxing)
 *fill*         0x0000000088266309        0x3 00
 .rodata.str1.4
                0x000000008826630c       0xa6 /cygdrive/d/IOT/G510/MQTT/build/device.o
                                         0xa8 (size before relaxing)
 *fill*         0x00000000882663b2        0x2 00
 .rodata.str1.4
                0x00000000882663b4       0x41 /cygdrive/d/IOT/G510/MQTT/build/genaric.o
                                         0x50 (size before relaxing)
 *fill*         0x00000000882663f5        0x3 00
 .rodata.str1.4
                0x00000000882663f8      0x334 /cygdrive/d/IOT/G510/MQTT/build/guider.o
                                        0x344 (size before relaxing)
 .rodata.str1.4
                0x000000008826672c      0x586 /cygdrive/d/IOT/G510/MQTT/build/hardware.o
                                        0x5cc (size before relaxing)
 *fill*         0x0000000088266cb2        0x2 00
 .rodata.str1.4
                0x0000000088266cb4      0x388 /cygdrive/d/IOT/G510/MQTT/build/http.o
                                        0x3a8 (size before relaxing)
 .rodata.str1.4
                0x000000008826703c       0xba /cygdrive/d/IOT/G510/MQTT/build/iot_import.o
                                         0xd4 (size before relaxing)
 *fill*         0x00000000882670f6        0x2 00
 .rodata.str1.4
                0x00000000882670f8       0x40 /cygdrive/d/IOT/G510/MQTT/build/json_parser.o
 .rodata.str1.4
                0x0000000088267138       0xfe /cygdrive/d/IOT/G510/MQTT/build/json_token.o
                                        0x104 (size before relaxing)
 *fill*         0x0000000088267236        0x2 00
 .rodata.str1.4
                0x0000000088267238       0xe4 /cygdrive/d/IOT/G510/MQTT/build/lite-log.o
                                        0x10c (size before relaxing)
 .rodata.str1.4
                0x000000008826731c      0x36c /cygdrive/d/IOT/G510/MQTT/build/lite-utils_testsuites.o
                                        0x39c (size before relaxing)
 .rodata.str1.4
                0x0000000088267688      0x227 /cygdrive/d/IOT/G510/MQTT/build/manage.o
                                        0x24c (size before relaxing)
 *fill*         0x00000000882678af        0x1 00
 .rodata.str1.4
                0x00000000882678b0       0x18 /cygdrive/d/IOT/G510/MQTT/build/mem_stats.o
                                         0x3c (size before relaxing)
 .rodata.str1.4
                0x00000000882678c8      0xb7b /cygdrive/d/IOT/G510/MQTT/build/mqtt_client.o
                                        0xbb0 (size before relaxing)
 *fill*         0x0000000088268443        0x1 00
 .rodata.str1.4
                0x0000000088268444      0x395 /cygdrive/d/IOT/G510/MQTT/build/mqttcloud.o
                                        0x39c (size before relaxing)
 *fill*         0x00000000882687d9        0x3 00
 .rodata.str1.4
                0x00000000882687dc       0x45 /cygdrive/d/IOT/G510/MQTT/build/netsysmsg.o
                                         0x58 (size before relaxing)
 *fill*         0x0000000088268821        0x3 00
 .rodata.str1.4
                0x0000000088268824      0x185 /cygdrive/d/IOT/G510/MQTT/build/nwsetup.o
                                        0x190 (size before relaxing)
 *fill*         0x00000000882689a9        0x3 00
 .rodata.str1.4
                0x00000000882689ac       0xa0 /cygdrive/d/IOT/G510/MQTT/build/sdk-impl.o
                                         0xdc (size before relaxing)
 .rodata.str1.4
                0x0000000088268a4c       0xd1 /cygdrive/d/IOT/G510/MQTT/build/string_utils.o
                                         0xd8 (size before relaxing)
 *fill*         0x0000000088268b1d        0x3 00
 .rodata.str1.4
                0x0000000088268b20       0x68 /cygdrive/d/IOT/G510/MQTT/build/utils_base64.o
 .rodata.str1.4
                0x0000000088268b88       0x86 /cygdrive/d/IOT/G510/MQTT/build/utils_epoch_time.o
                                         0x8c (size before relaxing)
 *fill*         0x0000000088268c0e        0x2 00
 .rodata.str1.4
                0x0000000088268c10      0x577 /cygdrive/d/IOT/G510/MQTT/build/utils_httpc.o
                                        0x58c (size before relaxing)
 *fill*         0x0000000088269187        0x1 00
 .rodata.str1.4
                0x0000000088269188        0x5 /cygdrive/d/IOT/G510/MQTT/build/utils_list.o
                                         0x2c (size before relaxing)
 *fill*         0x000000008826918d        0x3 00
 .rodata.str1.4
                0x0000000088269190       0x79 /cygdrive/d/IOT/G510/MQTT/build/utils_net.o
                                         0x7c (size before relaxing)
 *fill*         0x0000000088269209        0x3 00
 .rodata.str1.4
                0x000000008826920c       0x78 /cygdrive/d/IOT/G510/MQTT/build/utils_timer.o
                                         0x7c (size before relaxing)
 .rodata.str1.4
                0x0000000000000000       0x28 /cygdrive/d/IOT/G510/MQTT/lib/libsys_ext.a(vsprintf.o)
 .rodata.str1.4
                0x0000000088269284       0x10 /cygdrive/d/IOT/G510/MQTT/lib/sys_init.lib(sys_services.o)
                                         0x14 (size before relaxing)
 *(.rodata.*)
                0x0000000088269294                _SYS_APP_DATA_FLASH_START = .

.rel.dyn        0x0000000088269294        0x0
 .rel.dyn       0x0000000000000000        0x0 /cygdrive/d/IOT/G510/MQTT/build/app.o
                0x000000008237f000                . = 0x8237f000

.app_data       0x000000008237f000      0x318 load address 0x0000000088269294
                0x000000008237f000                _SYS_APP_DATA_RAM_START = .
 *(.data)
 .data          0x000000008237f000        0x0 /cygdrive/d/IOT/G510/MQTT/build/LPG.o
 .data          0x000000008237f000        0x0 /cygdrive/d/IOT/G510/MQTT/build/MQTTConnectClient.o
 .data          0x000000008237f000        0x0 /cygdrive/d/IOT/G510/MQTT/build/MQTTDeserializePublish.o
 .data          0x000000008237f000        0x0 /cygdrive/d/IOT/G510/MQTT/build/MQTTPacket.o
 .data          0x000000008237f000        0x0 /cygdrive/d/IOT/G510/MQTT/build/MQTTSerializePublish.o
 .data          0x000000008237f000        0x0 /cygdrive/d/IOT/G510/MQTT/build/MQTTSubscribeClient.o
 .data          0x000000008237f000        0x0 /cygdrive/d/IOT/G510/MQTT/build/MQTTUnsubscribeClient.o
 .data          0x000000008237f000        0x0 /cygdrive/d/IOT/G510/MQTT/build/TCP.o
 .data          0x000000008237f000      0x14c /cygdrive/d/IOT/G510/MQTT/build/app.o
                0x000000008237f000                DataRcvSocket
                0x000000008237f004                mqttSocketId
                0x000000008237f008                mqtt_op
                0x000000008237f00c                gRunParam
                0x000000008237f0f8                tick
                0x000000008237f0fc                csq
                0x000000008237f100                sys_callback
                0x000000008237f110                app_task
 .data          0x000000008237f14c        0x0 /cygdrive/d/IOT/G510/MQTT/build/ca.o
 .data          0x000000008237f14c      0x150 /cygdrive/d/IOT/G510/MQTT/build/cmd.o
                0x000000008237f14c                cmd_table
                0x000000008237f294                cmd_udp_sock
                0x000000008237f298                cmd_tcp_sock
 .data          0x000000008237f29c        0x0 /cygdrive/d/IOT/G510/MQTT/build/debug.o
 .data          0x000000008237f29c        0x0 /cygdrive/d/IOT/G510/MQTT/build/device.o
 .data          0x000000008237f29c        0x4 /cygdrive/d/IOT/G510/MQTT/build/genaric.o
 .data          0x000000008237f2a0       0x1c /cygdrive/d/IOT/G510/MQTT/build/guider.o
                0x000000008237f2a0                secmode_str
 .data          0x000000008237f2bc        0x0 /cygdrive/d/IOT/G510/MQTT/build/hardware.o
 .data          0x000000008237f2bc        0x0 /cygdrive/d/IOT/G510/MQTT/build/http.o
 .data          0x000000008237f2bc        0x0 /cygdrive/d/IOT/G510/MQTT/build/iot_import.o
 .data          0x000000008237f2bc        0x0 /cygdrive/d/IOT/G510/MQTT/build/json2.o
 .data          0x000000008237f2bc        0x0 /cygdrive/d/IOT/G510/MQTT/build/json_parser.o
 .data          0x000000008237f2bc        0x8 /cygdrive/d/IOT/G510/MQTT/build/json_token.o
 .data          0x000000008237f2c4        0x0 /cygdrive/d/IOT/G510/MQTT/build/lite-log.o
 .data          0x000000008237f2c4        0x0 /cygdrive/d/IOT/G510/MQTT/build/lite-utils_prog.o
 .data          0x000000008237f2c4        0x0 /cygdrive/d/IOT/G510/MQTT/build/lite-utils_testsuites.o
 .data          0x000000008237f2c4        0x0 /cygdrive/d/IOT/G510/MQTT/build/manage.o
 .data          0x000000008237f2c4        0x8 /cygdrive/d/IOT/G510/MQTT/build/mem_stats.o
                0x000000008237f2c4                mem_recs
 .data          0x000000008237f2cc        0x0 /cygdrive/d/IOT/G510/MQTT/build/mqtt_client.o
 .data          0x000000008237f2cc        0x2 /cygdrive/d/IOT/G510/MQTT/build/mqttcloud.o
                0x000000008237f2cc                upacket_id
 *fill*         0x000000008237f2ce        0x2 00
 .data          0x000000008237f2d0       0x48 /cygdrive/d/IOT/G510/MQTT/build/netsysmsg.o
 .data          0x000000008237f318        0x0 /cygdrive/d/IOT/G510/MQTT/build/nwsetup.o
 .data          0x000000008237f318        0x0 /cygdrive/d/IOT/G510/MQTT/build/sdk-impl.o
 .data          0x000000008237f318        0x0 /cygdrive/d/IOT/G510/MQTT/build/string_utils.o
 .data          0x000000008237f318        0x0 /cygdrive/d/IOT/G510/MQTT/build/utils_base64.o
 .data          0x000000008237f318        0x0 /cygdrive/d/IOT/G510/MQTT/build/utils_epoch_time.o
 .data          0x000000008237f318        0x0 /cygdrive/d/IOT/G510/MQTT/build/utils_hmac.o
 .data          0x000000008237f318        0x0 /cygdrive/d/IOT/G510/MQTT/build/utils_httpc.o
 .data          0x000000008237f318        0x0 /cygdrive/d/IOT/G510/MQTT/build/utils_list.o
 .data          0x000000008237f318        0x0 /cygdrive/d/IOT/G510/MQTT/build/utils_md5.o
 .data          0x000000008237f318        0x0 /cygdrive/d/IOT/G510/MQTT/build/utils_net.o
 .data          0x000000008237f318        0x0 /cygdrive/d/IOT/G510/MQTT/build/utils_sha1.o
 .data          0x000000008237f318        0x0 /cygdrive/d/IOT/G510/MQTT/build/utils_timer.o
 .data          0x000000008237f318        0x0 /cygdrive/d/IOT/G510/MQTT/lib/libsys_ext.a(atoi.o)
 .data          0x000000008237f318        0x0 /cygdrive/d/IOT/G510/MQTT/lib/libsys_ext.a(ctype.o)
 .data          0x000000008237f318        0x0 /cygdrive/d/IOT/G510/MQTT/lib/libsys_ext.a(inet.o)
 .data          0x000000008237f318        0x0 /cygdrive/d/IOT/G510/MQTT/lib/libsys_ext.a(memcmp.o)
 .data          0x000000008237f318        0x0 /cygdrive/d/IOT/G510/MQTT/lib/libsys_ext.a(memcpy.o)
 .data          0x000000008237f318        0x0 /cygdrive/d/IOT/G510/MQTT/lib/libsys_ext.a(memmove.o)
 .data          0x000000008237f318        0x0 /cygdrive/d/IOT/G510/MQTT/lib/libsys_ext.a(memset.o)
 .data          0x000000008237f318        0x0 /cygdrive/d/IOT/G510/MQTT/lib/libsys_ext.a(sget_response.o)
 .data          0x000000008237f318        0x0 /cygdrive/d/IOT/G510/MQTT/lib/libsys_ext.a(strcat.o)
 .data          0x000000008237f318        0x0 /cygdrive/d/IOT/G510/MQTT/lib/libsys_ext.a(strchr.o)
 .data          0x000000008237f318        0x0 /cygdrive/d/IOT/G510/MQTT/lib/libsys_ext.a(strcmp.o)
 .data          0x000000008237f318        0x0 /cygdrive/d/IOT/G510/MQTT/lib/libsys_ext.a(strcpy.o)
 .data          0x000000008237f318        0x0 /cygdrive/d/IOT/G510/MQTT/lib/libsys_ext.a(strlen.o)
 .data          0x000000008237f318        0x0 /cygdrive/d/IOT/G510/MQTT/lib/libsys_ext.a(strncmp.o)
 .data          0x000000008237f318        0x0 /cygdrive/d/IOT/G510/MQTT/lib/libsys_ext.a(strncpy.o)
 .data          0x000000008237f318        0x0 /cygdrive/d/IOT/G510/MQTT/lib/libsys_ext.a(strstr.o)
 .data          0x000000008237f318        0x0 /cygdrive/d/IOT/G510/MQTT/lib/libsys_ext.a(strtok.o)
 .data          0x000000008237f318        0x0 /cygdrive/d/IOT/G510/MQTT/lib/libsys_ext.a(strtol.o)
 .data          0x000000008237f318        0x0 /cygdrive/d/IOT/G510/MQTT/lib/libsys_ext.a(vsprintf.o)
 .data          0x000000008237f318        0x0 /cygdrive/d/IOT/G510/MQTT/lib/sys_init.lib(sys_callback.o)
 .data          0x000000008237f318        0x0 /cygdrive/d/IOT/G510/MQTT/lib/sys_init.lib(sys_services.o)
 *(.rwdata)
 *(.sdata)
                0x000000008237f318                _SYS_APP_DATA_RAM_END = .
                0x0000000000000318                _SYS_APP_DATA_SIZE = (_SYS_APP_DATA_RAM_END - _SYS_APP_DATA_RAM_START)
                0x00000000882695ac                _SYS_APP_BSS_FLASH_START = (_SYS_APP_DATA_FLASH_START + _SYS_APP_DATA_SIZE)
                0x00000000882695ac                _app_end = _SYS_APP_BSS_FLASH_START
                0x00000000000195ac                _app_size = (_app_end - _app_start)
                0x0000000000000001                ASSERT ((_app_size < 0x80000), APP CODE OVERFLOW !!)

.app_bss        0x000000008237f318     0x1d86 load address 0x00000000882695ac
                0x000000008237f318                _SYS_APP_BSS_RAM_START = .
 *(.bss)
 .bss           0x000000008237f318        0x0 /cygdrive/d/IOT/G510/MQTT/build/LPG.o
 .bss           0x000000008237f318        0x0 /cygdrive/d/IOT/G510/MQTT/build/MQTTConnectClient.o
 .bss           0x000000008237f318        0x0 /cygdrive/d/IOT/G510/MQTT/build/MQTTDeserializePublish.o
 .bss           0x000000008237f318        0x4 /cygdrive/d/IOT/G510/MQTT/build/MQTTPacket.o
 .bss           0x000000008237f31c        0x0 /cygdrive/d/IOT/G510/MQTT/build/MQTTSerializePublish.o
 .bss           0x000000008237f31c        0x0 /cygdrive/d/IOT/G510/MQTT/build/MQTTSubscribeClient.o
 .bss           0x000000008237f31c        0x0 /cygdrive/d/IOT/G510/MQTT/build/MQTTUnsubscribeClient.o
 .bss           0x000000008237f31c        0x4 /cygdrive/d/IOT/G510/MQTT/build/TCP.o
 .bss           0x000000008237f320       0x14 /cygdrive/d/IOT/G510/MQTT/build/app.o
                0x000000008237f320                SecondCnt
                0x000000008237f324                GprsAttched
                0x000000008237f325                GprsActived
                0x000000008237f328                lunch_f
                0x000000008237f32c                m_state
                0x000000008237f330                ping_flag
                0x000000008237f331                ResendCnt
 .bss           0x000000008237f334        0x0 /cygdrive/d/IOT/G510/MQTT/build/ca.o
 .bss           0x000000008237f334      0x50c /cygdrive/d/IOT/G510/MQTT/build/cmd.o
                0x000000008237f334                mqtt_key_param
                0x000000008237f434                cmd_parser
                0x000000008237f83c                TcpConnectFaileCnt
                0x000000008237f83d                LBSConnectFaileCnt
                0x000000008237f83e                UDConnectFaileCnt
 .bss           0x000000008237f840        0x0 /cygdrive/d/IOT/G510/MQTT/build/debug.o
 .bss           0x000000008237f840      0x360 /cygdrive/d/IOT/G510/MQTT/build/device.o
 .bss           0x000000008237fba0       0xa8 /cygdrive/d/IOT/G510/MQTT/build/genaric.o
 .bss           0x000000008237fc48        0x0 /cygdrive/d/IOT/G510/MQTT/build/guider.o
 .bss           0x000000008237fc48      0x10c /cygdrive/d/IOT/G510/MQTT/build/hardware.o
                0x000000008237fc48                g_device_working
                0x000000008237fc4c                ota_url
                0x000000008237fccc                ota_md5
                0x000000008237fd4c                circle_time
                0x000000008237fd50                circle_remainder
 .bss           0x000000008237fd54       0x18 /cygdrive/d/IOT/G510/MQTT/build/http.o
                0x000000008237fd54                UDFileLen
                0x000000008237fd58                FotaStatus
 .bss           0x000000008237fd6c        0x0 /cygdrive/d/IOT/G510/MQTT/build/iot_import.o
 .bss           0x000000008237fd6c        0x0 /cygdrive/d/IOT/G510/MQTT/build/json2.o
 .bss           0x000000008237fd6c        0x0 /cygdrive/d/IOT/G510/MQTT/build/json_parser.o
 .bss           0x000000008237fd6c        0x0 /cygdrive/d/IOT/G510/MQTT/build/json_token.o
 .bss           0x000000008237fd6c      0x10c /cygdrive/d/IOT/G510/MQTT/build/lite-log.o
 .bss           0x000000008237fe78        0x0 /cygdrive/d/IOT/G510/MQTT/build/lite-utils_prog.o
 .bss           0x000000008237fe78        0x0 /cygdrive/d/IOT/G510/MQTT/build/lite-utils_testsuites.o
 .bss           0x000000008237fe78        0x0 /cygdrive/d/IOT/G510/MQTT/build/manage.o
 .bss           0x000000008237fe78        0x0 /cygdrive/d/IOT/G510/MQTT/build/mem_stats.o
 .bss           0x000000008237fe78        0x4 /cygdrive/d/IOT/G510/MQTT/build/mqtt_client.o
                0x000000008237fe78                err_flag
 .bss           0x000000008237fe7c        0x8 /cygdrive/d/IOT/G510/MQTT/build/mqttcloud.o
                0x000000008237fe7c                m_process_dis_param
                0x000000008237fe80                disconnect_cnt
 .bss           0x000000008237fe84       0x20 /cygdrive/d/IOT/G510/MQTT/build/netsysmsg.o
 .bss           0x000000008237fea4        0xc /cygdrive/d/IOT/G510/MQTT/build/nwsetup.o
                0x000000008237fea4                g_MCC
                0x000000008237fea8                g_MNC
 .bss           0x000000008237feb0        0x0 /cygdrive/d/IOT/G510/MQTT/build/sdk-impl.o
 .bss           0x000000008237feb0        0x0 /cygdrive/d/IOT/G510/MQTT/build/string_utils.o
 .bss           0x000000008237feb0      0x104 /cygdrive/d/IOT/G510/MQTT/build/utils_base64.o
 .bss           0x000000008237ffb4        0x0 /cygdrive/d/IOT/G510/MQTT/build/utils_epoch_time.o
 .bss           0x000000008237ffb4        0x0 /cygdrive/d/IOT/G510/MQTT/build/utils_hmac.o
 .bss           0x000000008237ffb4        0x0 /cygdrive/d/IOT/G510/MQTT/build/utils_httpc.o
 .bss           0x000000008237ffb4        0x0 /cygdrive/d/IOT/G510/MQTT/build/utils_list.o
 .bss           0x000000008237ffb4        0x0 /cygdrive/d/IOT/G510/MQTT/build/utils_md5.o
 .bss           0x000000008237ffb4        0x0 /cygdrive/d/IOT/G510/MQTT/build/utils_net.o
 .bss           0x000000008237ffb4        0x0 /cygdrive/d/IOT/G510/MQTT/build/utils_sha1.o
 .bss           0x000000008237ffb4        0x0 /cygdrive/d/IOT/G510/MQTT/build/utils_timer.o
 .bss           0x000000008237ffb4        0x0 /cygdrive/d/IOT/G510/MQTT/lib/libsys_ext.a(atoi.o)
 .bss           0x000000008237ffb4        0x0 /cygdrive/d/IOT/G510/MQTT/lib/libsys_ext.a(ctype.o)
 .bss           0x000000008237ffb4        0x0 /cygdrive/d/IOT/G510/MQTT/lib/libsys_ext.a(inet.o)
 .bss           0x000000008237ffb4        0x0 /cygdrive/d/IOT/G510/MQTT/lib/libsys_ext.a(memcmp.o)
 .bss           0x000000008237ffb4        0x0 /cygdrive/d/IOT/G510/MQTT/lib/libsys_ext.a(memcpy.o)
 .bss           0x000000008237ffb4        0x0 /cygdrive/d/IOT/G510/MQTT/lib/libsys_ext.a(memmove.o)
 .bss           0x000000008237ffb4        0x0 /cygdrive/d/IOT/G510/MQTT/lib/libsys_ext.a(memset.o)
 .bss           0x000000008237ffb4        0x0 /cygdrive/d/IOT/G510/MQTT/lib/libsys_ext.a(sget_response.o)
 .bss           0x000000008237ffb4        0x0 /cygdrive/d/IOT/G510/MQTT/lib/libsys_ext.a(strcat.o)
 .bss           0x000000008237ffb4        0x0 /cygdrive/d/IOT/G510/MQTT/lib/libsys_ext.a(strchr.o)
 .bss           0x000000008237ffb4        0x0 /cygdrive/d/IOT/G510/MQTT/lib/libsys_ext.a(strcmp.o)
 .bss           0x000000008237ffb4        0x0 /cygdrive/d/IOT/G510/MQTT/lib/libsys_ext.a(strcpy.o)
 .bss           0x000000008237ffb4        0x0 /cygdrive/d/IOT/G510/MQTT/lib/libsys_ext.a(strlen.o)
 .bss           0x000000008237ffb4        0x0 /cygdrive/d/IOT/G510/MQTT/lib/libsys_ext.a(strncmp.o)
 .bss           0x000000008237ffb4        0x0 /cygdrive/d/IOT/G510/MQTT/lib/libsys_ext.a(strncpy.o)
 .bss           0x000000008237ffb4        0x0 /cygdrive/d/IOT/G510/MQTT/lib/libsys_ext.a(strstr.o)
 .bss           0x000000008237ffb4        0x4 /cygdrive/d/IOT/G510/MQTT/lib/libsys_ext.a(strtok.o)
 .bss           0x000000008237ffb8        0x0 /cygdrive/d/IOT/G510/MQTT/lib/libsys_ext.a(strtol.o)
 .bss           0x000000008237ffb8        0x0 /cygdrive/d/IOT/G510/MQTT/lib/libsys_ext.a(vsprintf.o)
 .bss           0x000000008237ffb8        0x0 /cygdrive/d/IOT/G510/MQTT/lib/sys_init.lib(sys_callback.o)
 .bss           0x000000008237ffb8        0x4 /cygdrive/d/IOT/G510/MQTT/lib/sys_init.lib(sys_services.o)
 *(.sbss)
 *(COMMON)
 COMMON         0x000000008237ffbc      0x5b8 /cygdrive/d/IOT/G510/MQTT/build/TCP.o
                0x000000008237ffbc                gDataSOC
                0x0000000082380560                ght_appState
 COMMON         0x0000000082380574      0x564 /cygdrive/d/IOT/G510/MQTT/build/app.o
                0x0000000082380574                mqtt_op_param
                0x0000000082380774                version
                0x0000000082380788                imsi
                0x0000000082380798                imei
                0x00000000823807a8                mqtt_params
                0x00000000823807e4                send_data
                0x0000000082380848                Device_Param
 COMMON         0x0000000082380ad8      0x404 /cygdrive/d/IOT/G510/MQTT/build/genaric.o
                0x0000000082380ad8                cmd_buffer
 COMMON         0x0000000082380edc      0x12c /cygdrive/d/IOT/G510/MQTT/build/hardware.o
                0x0000000082380edc                hdw_topic_para
 COMMON         0x0000000082381008       0x50 /cygdrive/d/IOT/G510/MQTT/build/nwsetup.o
                0x0000000082381008                g_APN
                0x0000000082381048                IMSI
 *(.scommon)
 .scommon       0x0000000082381058       0x1d /cygdrive/d/IOT/G510/MQTT/build/TCP.o
                0x0000000082381058                hdw_motor_enable_flg
                0x0000000082381059                hdw_start_up_flg
                0x000000008238105c                mqtt_ping_time
                0x0000000082381060                hdw_oper
                0x0000000082381060                gclient_state
                0x0000000082381064                sub_data_topic_fail_flag
                0x0000000082381068                gServersIP
                0x0000000082381070                flg
                0x0000000082381071                sub_topic_mark_flag
                0x0000000082381072                sub_rrpc_topic_suss_flag
                0x0000000082381073                sub_data_topic_suss_flag
                0x0000000082381074                sub_rrpc_topic_fail_flag
 *fill*         0x0000000082381075        0x3 00
 .scommon       0x0000000082381078       0x1c /cygdrive/d/IOT/G510/MQTT/build/app.o
                0x0000000082381078                LPG_stat
                0x000000008238107c                TASK_FOUR
                0x0000000082381080                TASK_FIVE
                0x0000000082381084                TASK_ONE
                0x0000000082381084                hdw
                0x0000000082381088                TASK_THREE
                0x000000008238108c                m_pclient
                0x0000000082381090                TASK_TWO
 .scommon       0x0000000082381094        0x0 /cygdrive/d/IOT/G510/MQTT/build/cmd.o
 .scommon       0x0000000082381094        0x4 /cygdrive/d/IOT/G510/MQTT/build/hardware.o
                0x0000000082381094                temp_time
 .scommon       0x0000000082381098        0x0 /cygdrive/d/IOT/G510/MQTT/build/mqtt_client.o
 .scommon       0x0000000082381098        0x0 /cygdrive/d/IOT/G510/MQTT/build/mqttcloud.o
 .scommon       0x0000000082381098        0x6 /cygdrive/d/IOT/G510/MQTT/build/nwsetup.o
                0x0000000082381098                PLMN
                0x000000008238109e                _SYS_APP_BSS_RAM_END = .
                0x0000000000001d86                _SYS_APP_BSS_SIZE = (_SYS_APP_BSS_RAM_END - _SYS_APP_BSS_RAM_START)
                0x0000000000000001                ASSERT (((_SYS_APP_DATA_SIZE + _SYS_APP_BSS_SIZE) < 0x80000), APP DATA OVERFLOW !!)
OUTPUT(/cygdrive/d/IOT/G510/MQTT/build/image.out elf32-littlemips)

.reginfo        0x0000000000000000       0x18
 .reginfo       0x0000000000000000       0x18 /cygdrive/d/IOT/G510/MQTT/build/LPG.o

.pdr            0x0000000000000000     0x4040
 .pdr           0x0000000000000000       0xa0 /cygdrive/d/IOT/G510/MQTT/build/LPG.o
 .pdr           0x00000000000000a0       0xc0 /cygdrive/d/IOT/G510/MQTT/build/MQTTConnectClient.o
 .pdr           0x0000000000000160       0x40 /cygdrive/d/IOT/G510/MQTT/build/MQTTDeserializePublish.o
 .pdr           0x00000000000001a0      0x220 /cygdrive/d/IOT/G510/MQTT/build/MQTTPacket.o
 .pdr           0x00000000000003c0       0xc0 /cygdrive/d/IOT/G510/MQTT/build/MQTTSerializePublish.o
 .pdr           0x0000000000000480       0x60 /cygdrive/d/IOT/G510/MQTT/build/MQTTSubscribeClient.o
 .pdr           0x00000000000004e0       0x60 /cygdrive/d/IOT/G510/MQTT/build/MQTTUnsubscribeClient.o
 .pdr           0x0000000000000540      0x220 /cygdrive/d/IOT/G510/MQTT/build/TCP.o
 .pdr           0x0000000000000760      0x1e0 /cygdrive/d/IOT/G510/MQTT/build/app.o
 .pdr           0x0000000000000940       0x20 /cygdrive/d/IOT/G510/MQTT/build/ca.o
 .pdr           0x0000000000000960      0x6e0 /cygdrive/d/IOT/G510/MQTT/build/cmd.o
 .pdr           0x0000000000001040       0x40 /cygdrive/d/IOT/G510/MQTT/build/debug.o
 .pdr           0x0000000000001080       0x80 /cygdrive/d/IOT/G510/MQTT/build/device.o
 .pdr           0x0000000000001100      0x140 /cygdrive/d/IOT/G510/MQTT/build/genaric.o
 .pdr           0x0000000000001240       0x60 /cygdrive/d/IOT/G510/MQTT/build/guider.o
 .pdr           0x00000000000012a0      0x2a0 /cygdrive/d/IOT/G510/MQTT/build/hardware.o
 .pdr           0x0000000000001540      0x100 /cygdrive/d/IOT/G510/MQTT/build/http.o
 .pdr           0x0000000000001640      0x240 /cygdrive/d/IOT/G510/MQTT/build/iot_import.o
 .pdr           0x0000000000001880       0x60 /cygdrive/d/IOT/G510/MQTT/build/json2.o
 .pdr           0x00000000000018e0       0xa0 /cygdrive/d/IOT/G510/MQTT/build/json_parser.o
 .pdr           0x0000000000001980       0x60 /cygdrive/d/IOT/G510/MQTT/build/json_token.o
 .pdr           0x00000000000019e0      0x140 /cygdrive/d/IOT/G510/MQTT/build/lite-log.o
 .pdr           0x0000000000001b20       0x20 /cygdrive/d/IOT/G510/MQTT/build/lite-utils_prog.o
 .pdr           0x0000000000001b40       0x60 /cygdrive/d/IOT/G510/MQTT/build/lite-utils_testsuites.o
 .pdr           0x0000000000001ba0      0x540 /cygdrive/d/IOT/G510/MQTT/build/manage.o
 .pdr           0x00000000000020e0       0xc0 /cygdrive/d/IOT/G510/MQTT/build/mem_stats.o
 .pdr           0x00000000000021a0      0x360 /cygdrive/d/IOT/G510/MQTT/build/mqtt_client.o
 .pdr           0x0000000000002500      0x220 /cygdrive/d/IOT/G510/MQTT/build/mqttcloud.o
 .pdr           0x0000000000002720      0x140 /cygdrive/d/IOT/G510/MQTT/build/netsysmsg.o
 .pdr           0x0000000000002860       0x60 /cygdrive/d/IOT/G510/MQTT/build/nwsetup.o
 .pdr           0x00000000000028c0       0xa0 /cygdrive/d/IOT/G510/MQTT/build/sdk-impl.o
 .pdr           0x0000000000002960       0xe0 /cygdrive/d/IOT/G510/MQTT/build/string_utils.o
 .pdr           0x0000000000002a40       0x40 /cygdrive/d/IOT/G510/MQTT/build/utils_base64.o
 .pdr           0x0000000000002a80       0x20 /cygdrive/d/IOT/G510/MQTT/build/utils_epoch_time.o
 .pdr           0x0000000000002aa0       0x40 /cygdrive/d/IOT/G510/MQTT/build/utils_hmac.o
 .pdr           0x0000000000002ae0      0x220 /cygdrive/d/IOT/G510/MQTT/build/utils_httpc.o
 .pdr           0x0000000000002d00      0x1c0 /cygdrive/d/IOT/G510/MQTT/build/utils_list.o
 .pdr           0x0000000000002ec0      0x120 /cygdrive/d/IOT/G510/MQTT/build/utils_md5.o
 .pdr           0x0000000000002fe0      0x120 /cygdrive/d/IOT/G510/MQTT/build/utils_net.o
 .pdr           0x0000000000003100      0x100 /cygdrive/d/IOT/G510/MQTT/build/utils_sha1.o
 .pdr           0x0000000000003200       0xe0 /cygdrive/d/IOT/G510/MQTT/build/utils_timer.o
 .pdr           0x00000000000032e0       0x20 /cygdrive/d/IOT/G510/MQTT/lib/libsys_ext.a(atoi.o)
 .pdr           0x0000000000003300       0x40 /cygdrive/d/IOT/G510/MQTT/lib/libsys_ext.a(ctype.o)
 .pdr           0x0000000000003340       0x80 /cygdrive/d/IOT/G510/MQTT/lib/libsys_ext.a(inet.o)
 .pdr           0x00000000000033c0       0x20 /cygdrive/d/IOT/G510/MQTT/lib/libsys_ext.a(memcmp.o)
 .pdr           0x00000000000033e0       0x20 /cygdrive/d/IOT/G510/MQTT/lib/libsys_ext.a(memcpy.o)
 .pdr           0x0000000000003400       0x20 /cygdrive/d/IOT/G510/MQTT/lib/libsys_ext.a(memmove.o)
 .pdr           0x0000000000003420       0x20 /cygdrive/d/IOT/G510/MQTT/lib/libsys_ext.a(memset.o)
 .pdr           0x0000000000003440       0x20 /cygdrive/d/IOT/G510/MQTT/lib/libsys_ext.a(sget_response.o)
 .pdr           0x0000000000003460       0x20 /cygdrive/d/IOT/G510/MQTT/lib/libsys_ext.a(strcat.o)
 .pdr           0x0000000000003480       0x40 /cygdrive/d/IOT/G510/MQTT/lib/libsys_ext.a(strchr.o)
 .pdr           0x00000000000034c0       0x20 /cygdrive/d/IOT/G510/MQTT/lib/libsys_ext.a(strcmp.o)
 .pdr           0x00000000000034e0       0x20 /cygdrive/d/IOT/G510/MQTT/lib/libsys_ext.a(strcpy.o)
 .pdr           0x0000000000003500       0x40 /cygdrive/d/IOT/G510/MQTT/lib/libsys_ext.a(strlen.o)
 .pdr           0x0000000000003540       0x20 /cygdrive/d/IOT/G510/MQTT/lib/libsys_ext.a(strncmp.o)
 .pdr           0x0000000000003560       0x20 /cygdrive/d/IOT/G510/MQTT/lib/libsys_ext.a(strncpy.o)
 .pdr           0x0000000000003580       0x20 /cygdrive/d/IOT/G510/MQTT/lib/libsys_ext.a(strstr.o)
 .pdr           0x00000000000035a0       0x40 /cygdrive/d/IOT/G510/MQTT/lib/libsys_ext.a(strtok.o)
 .pdr           0x00000000000035e0       0x20 /cygdrive/d/IOT/G510/MQTT/lib/libsys_ext.a(strtol.o)
 .pdr           0x0000000000003600       0xc0 /cygdrive/d/IOT/G510/MQTT/lib/libsys_ext.a(vsprintf.o)
 .pdr           0x00000000000036c0       0x20 /cygdrive/d/IOT/G510/MQTT/lib/sys_init.lib(sys_callback.o)
 .pdr           0x00000000000036e0      0x960 /cygdrive/d/IOT/G510/MQTT/lib/sys_init.lib(sys_services.o)

.mdebug.abi32   0x0000000000000000        0x0
 .mdebug.abi32  0x0000000000000000        0x0 /cygdrive/d/IOT/G510/MQTT/build/LPG.o
 .mdebug.abi32  0x0000000000000000        0x0 /cygdrive/d/IOT/G510/MQTT/build/MQTTConnectClient.o
 .mdebug.abi32  0x0000000000000000        0x0 /cygdrive/d/IOT/G510/MQTT/build/MQTTDeserializePublish.o
 .mdebug.abi32  0x0000000000000000        0x0 /cygdrive/d/IOT/G510/MQTT/build/MQTTPacket.o
 .mdebug.abi32  0x0000000000000000        0x0 /cygdrive/d/IOT/G510/MQTT/build/MQTTSerializePublish.o
 .mdebug.abi32  0x0000000000000000        0x0 /cygdrive/d/IOT/G510/MQTT/build/MQTTSubscribeClient.o
 .mdebug.abi32  0x0000000000000000        0x0 /cygdrive/d/IOT/G510/MQTT/build/MQTTUnsubscribeClient.o
 .mdebug.abi32  0x0000000000000000        0x0 /cygdrive/d/IOT/G510/MQTT/build/TCP.o
 .mdebug.abi32  0x0000000000000000        0x0 /cygdrive/d/IOT/G510/MQTT/build/app.o
 .mdebug.abi32  0x0000000000000000        0x0 /cygdrive/d/IOT/G510/MQTT/build/ca.o
 .mdebug.abi32  0x0000000000000000        0x0 /cygdrive/d/IOT/G510/MQTT/build/cmd.o
 .mdebug.abi32  0x0000000000000000        0x0 /cygdrive/d/IOT/G510/MQTT/build/debug.o
 .mdebug.abi32  0x0000000000000000        0x0 /cygdrive/d/IOT/G510/MQTT/build/device.o
 .mdebug.abi32  0x0000000000000000        0x0 /cygdrive/d/IOT/G510/MQTT/build/genaric.o
 .mdebug.abi32  0x0000000000000000        0x0 /cygdrive/d/IOT/G510/MQTT/build/guider.o
 .mdebug.abi32  0x0000000000000000        0x0 /cygdrive/d/IOT/G510/MQTT/build/hardware.o
 .mdebug.abi32  0x0000000000000000        0x0 /cygdrive/d/IOT/G510/MQTT/build/http.o
 .mdebug.abi32  0x0000000000000000        0x0 /cygdrive/d/IOT/G510/MQTT/build/iot_import.o
 .mdebug.abi32  0x0000000000000000        0x0 /cygdrive/d/IOT/G510/MQTT/build/json2.o
 .mdebug.abi32  0x0000000000000000        0x0 /cygdrive/d/IOT/G510/MQTT/build/json_parser.o
 .mdebug.abi32  0x0000000000000000        0x0 /cygdrive/d/IOT/G510/MQTT/build/json_token.o
 .mdebug.abi32  0x0000000000000000        0x0 /cygdrive/d/IOT/G510/MQTT/build/lite-log.o
 .mdebug.abi32  0x0000000000000000        0x0 /cygdrive/d/IOT/G510/MQTT/build/lite-utils_prog.o
 .mdebug.abi32  0x0000000000000000        0x0 /cygdrive/d/IOT/G510/MQTT/build/lite-utils_testsuites.o
 .mdebug.abi32  0x0000000000000000        0x0 /cygdrive/d/IOT/G510/MQTT/build/manage.o
 .mdebug.abi32  0x0000000000000000        0x0 /cygdrive/d/IOT/G510/MQTT/build/mem_stats.o
 .mdebug.abi32  0x0000000000000000        0x0 /cygdrive/d/IOT/G510/MQTT/build/mqtt_client.o
 .mdebug.abi32  0x0000000000000000        0x0 /cygdrive/d/IOT/G510/MQTT/build/mqttcloud.o
 .mdebug.abi32  0x0000000000000000        0x0 /cygdrive/d/IOT/G510/MQTT/build/netsysmsg.o
 .mdebug.abi32  0x0000000000000000        0x0 /cygdrive/d/IOT/G510/MQTT/build/nwsetup.o
 .mdebug.abi32  0x0000000000000000        0x0 /cygdrive/d/IOT/G510/MQTT/build/sdk-impl.o
 .mdebug.abi32  0x0000000000000000        0x0 /cygdrive/d/IOT/G510/MQTT/build/string_utils.o
 .mdebug.abi32  0x0000000000000000        0x0 /cygdrive/d/IOT/G510/MQTT/build/utils_base64.o
 .mdebug.abi32  0x0000000000000000        0x0 /cygdrive/d/IOT/G510/MQTT/build/utils_epoch_time.o
 .mdebug.abi32  0x0000000000000000        0x0 /cygdrive/d/IOT/G510/MQTT/build/utils_hmac.o
 .mdebug.abi32  0x0000000000000000        0x0 /cygdrive/d/IOT/G510/MQTT/build/utils_httpc.o
 .mdebug.abi32  0x0000000000000000        0x0 /cygdrive/d/IOT/G510/MQTT/build/utils_list.o
 .mdebug.abi32  0x0000000000000000        0x0 /cygdrive/d/IOT/G510/MQTT/build/utils_md5.o
 .mdebug.abi32  0x0000000000000000        0x0 /cygdrive/d/IOT/G510/MQTT/build/utils_net.o
 .mdebug.abi32  0x0000000000000000        0x0 /cygdrive/d/IOT/G510/MQTT/build/utils_sha1.o
 .mdebug.abi32  0x0000000000000000        0x0 /cygdrive/d/IOT/G510/MQTT/build/utils_timer.o
 .mdebug.abi32  0x0000000000000000        0x0 /cygdrive/d/IOT/G510/MQTT/lib/libsys_ext.a(atoi.o)
 .mdebug.abi32  0x0000000000000000        0x0 /cygdrive/d/IOT/G510/MQTT/lib/libsys_ext.a(ctype.o)
 .mdebug.abi32  0x0000000000000000        0x0 /cygdrive/d/IOT/G510/MQTT/lib/libsys_ext.a(inet.o)
 .mdebug.abi32  0x0000000000000000        0x0 /cygdrive/d/IOT/G510/MQTT/lib/libsys_ext.a(memcmp.o)
 .mdebug.abi32  0x0000000000000000        0x0 /cygdrive/d/IOT/G510/MQTT/lib/libsys_ext.a(memcpy.o)
 .mdebug.abi32  0x0000000000000000        0x0 /cygdrive/d/IOT/G510/MQTT/lib/libsys_ext.a(memmove.o)
 .mdebug.abi32  0x0000000000000000        0x0 /cygdrive/d/IOT/G510/MQTT/lib/libsys_ext.a(memset.o)
 .mdebug.abi32  0x0000000000000000        0x0 /cygdrive/d/IOT/G510/MQTT/lib/libsys_ext.a(sget_response.o)
 .mdebug.abi32  0x0000000000000000        0x0 /cygdrive/d/IOT/G510/MQTT/lib/libsys_ext.a(strcat.o)
 .mdebug.abi32  0x0000000000000000        0x0 /cygdrive/d/IOT/G510/MQTT/lib/libsys_ext.a(strchr.o)
 .mdebug.abi32  0x0000000000000000        0x0 /cygdrive/d/IOT/G510/MQTT/lib/libsys_ext.a(strcmp.o)
 .mdebug.abi32  0x0000000000000000        0x0 /cygdrive/d/IOT/G510/MQTT/lib/libsys_ext.a(strcpy.o)
 .mdebug.abi32  0x0000000000000000        0x0 /cygdrive/d/IOT/G510/MQTT/lib/libsys_ext.a(strlen.o)
 .mdebug.abi32  0x0000000000000000        0x0 /cygdrive/d/IOT/G510/MQTT/lib/libsys_ext.a(strncmp.o)
 .mdebug.abi32  0x0000000000000000        0x0 /cygdrive/d/IOT/G510/MQTT/lib/libsys_ext.a(strncpy.o)
 .mdebug.abi32  0x0000000000000000        0x0 /cygdrive/d/IOT/G510/MQTT/lib/libsys_ext.a(strstr.o)
 .mdebug.abi32  0x0000000000000000        0x0 /cygdrive/d/IOT/G510/MQTT/lib/libsys_ext.a(strtok.o)
 .mdebug.abi32  0x0000000000000000        0x0 /cygdrive/d/IOT/G510/MQTT/lib/libsys_ext.a(strtol.o)
 .mdebug.abi32  0x0000000000000000        0x0 /cygdrive/d/IOT/G510/MQTT/lib/libsys_ext.a(vsprintf.o)
 .mdebug.abi32  0x0000000000000000        0x0 /cygdrive/d/IOT/G510/MQTT/lib/sys_init.lib(sys_callback.o)
 .mdebug.abi32  0x0000000000000000        0x0 /cygdrive/d/IOT/G510/MQTT/lib/sys_init.lib(sys_services.o)

.comment        0x0000000000000000       0x31
 .comment       0x0000000000000000       0x31 /cygdrive/d/IOT/G510/MQTT/build/LPG.o
                                         0x32 (size before relaxing)
 .comment       0x0000000000000000       0x32 /cygdrive/d/IOT/G510/MQTT/build/MQTTConnectClient.o
 .comment       0x0000000000000000       0x32 /cygdrive/d/IOT/G510/MQTT/build/MQTTDeserializePublish.o
 .comment       0x0000000000000000       0x32 /cygdrive/d/IOT/G510/MQTT/build/MQTTPacket.o
 .comment       0x0000000000000000       0x32 /cygdrive/d/IOT/G510/MQTT/build/MQTTSerializePublish.o
 .comment       0x0000000000000000       0x32 /cygdrive/d/IOT/G510/MQTT/build/MQTTSubscribeClient.o
 .comment       0x0000000000000000       0x32 /cygdrive/d/IOT/G510/MQTT/build/MQTTUnsubscribeClient.o
 .comment       0x0000000000000000       0x32 /cygdrive/d/IOT/G510/MQTT/build/TCP.o
 .comment       0x0000000000000000       0x32 /cygdrive/d/IOT/G510/MQTT/build/app.o
 .comment       0x0000000000000000       0x32 /cygdrive/d/IOT/G510/MQTT/build/ca.o
 .comment       0x0000000000000000       0x32 /cygdrive/d/IOT/G510/MQTT/build/cmd.o
 .comment       0x0000000000000000       0x32 /cygdrive/d/IOT/G510/MQTT/build/debug.o
 .comment       0x0000000000000000       0x32 /cygdrive/d/IOT/G510/MQTT/build/device.o
 .comment       0x0000000000000000       0x32 /cygdrive/d/IOT/G510/MQTT/build/genaric.o
 .comment       0x0000000000000000       0x32 /cygdrive/d/IOT/G510/MQTT/build/guider.o
 .comment       0x0000000000000000       0x32 /cygdrive/d/IOT/G510/MQTT/build/hardware.o
 .comment       0x0000000000000000       0x32 /cygdrive/d/IOT/G510/MQTT/build/http.o
 .comment       0x0000000000000000       0x32 /cygdrive/d/IOT/G510/MQTT/build/iot_import.o
 .comment       0x0000000000000000       0x32 /cygdrive/d/IOT/G510/MQTT/build/json2.o
 .comment       0x0000000000000000       0x32 /cygdrive/d/IOT/G510/MQTT/build/json_parser.o
 .comment       0x0000000000000000       0x32 /cygdrive/d/IOT/G510/MQTT/build/json_token.o
 .comment       0x0000000000000000       0x32 /cygdrive/d/IOT/G510/MQTT/build/lite-log.o
 .comment       0x0000000000000000       0x32 /cygdrive/d/IOT/G510/MQTT/build/lite-utils_prog.o
 .comment       0x0000000000000000       0x32 /cygdrive/d/IOT/G510/MQTT/build/lite-utils_testsuites.o
 .comment       0x0000000000000000       0x32 /cygdrive/d/IOT/G510/MQTT/build/manage.o
 .comment       0x0000000000000000       0x32 /cygdrive/d/IOT/G510/MQTT/build/mem_stats.o
 .comment       0x0000000000000000       0x32 /cygdrive/d/IOT/G510/MQTT/build/mqtt_client.o
 .comment       0x0000000000000000       0x32 /cygdrive/d/IOT/G510/MQTT/build/mqttcloud.o
 .comment       0x0000000000000000       0x32 /cygdrive/d/IOT/G510/MQTT/build/netsysmsg.o
 .comment       0x0000000000000000       0x32 /cygdrive/d/IOT/G510/MQTT/build/nwsetup.o
 .comment       0x0000000000000000       0x32 /cygdrive/d/IOT/G510/MQTT/build/sdk-impl.o
 .comment       0x0000000000000000       0x32 /cygdrive/d/IOT/G510/MQTT/build/string_utils.o
 .comment       0x0000000000000000       0x32 /cygdrive/d/IOT/G510/MQTT/build/utils_base64.o
 .comment       0x0000000000000000       0x32 /cygdrive/d/IOT/G510/MQTT/build/utils_epoch_time.o
 .comment       0x0000000000000000       0x32 /cygdrive/d/IOT/G510/MQTT/build/utils_hmac.o
 .comment       0x0000000000000000       0x32 /cygdrive/d/IOT/G510/MQTT/build/utils_httpc.o
 .comment       0x0000000000000000       0x32 /cygdrive/d/IOT/G510/MQTT/build/utils_list.o
 .comment       0x0000000000000000       0x32 /cygdrive/d/IOT/G510/MQTT/build/utils_md5.o
 .comment       0x0000000000000000       0x32 /cygdrive/d/IOT/G510/MQTT/build/utils_net.o
 .comment       0x0000000000000000       0x32 /cygdrive/d/IOT/G510/MQTT/build/utils_sha1.o
 .comment       0x0000000000000000       0x32 /cygdrive/d/IOT/G510/MQTT/build/utils_timer.o
 .comment       0x0000000000000000       0x32 /cygdrive/d/IOT/G510/MQTT/lib/libsys_ext.a(atoi.o)
 .comment       0x0000000000000000       0x32 /cygdrive/d/IOT/G510/MQTT/lib/libsys_ext.a(ctype.o)
 .comment       0x0000000000000000       0x32 /cygdrive/d/IOT/G510/MQTT/lib/libsys_ext.a(inet.o)
 .comment       0x0000000000000000       0x32 /cygdrive/d/IOT/G510/MQTT/lib/libsys_ext.a(memcmp.o)
 .comment       0x0000000000000000       0x32 /cygdrive/d/IOT/G510/MQTT/lib/libsys_ext.a(memcpy.o)
 .comment       0x0000000000000000       0x32 /cygdrive/d/IOT/G510/MQTT/lib/libsys_ext.a(memmove.o)
 .comment       0x0000000000000000       0x32 /cygdrive/d/IOT/G510/MQTT/lib/libsys_ext.a(memset.o)
 .comment       0x0000000000000000       0x32 /cygdrive/d/IOT/G510/MQTT/lib/libsys_ext.a(sget_response.o)
 .comment       0x0000000000000000       0x32 /cygdrive/d/IOT/G510/MQTT/lib/libsys_ext.a(strcat.o)
 .comment       0x0000000000000000       0x32 /cygdrive/d/IOT/G510/MQTT/lib/libsys_ext.a(strchr.o)
 .comment       0x0000000000000000       0x32 /cygdrive/d/IOT/G510/MQTT/lib/libsys_ext.a(strcmp.o)
 .comment       0x0000000000000000       0x32 /cygdrive/d/IOT/G510/MQTT/lib/libsys_ext.a(strcpy.o)
 .comment       0x0000000000000000       0x32 /cygdrive/d/IOT/G510/MQTT/lib/libsys_ext.a(strlen.o)
 .comment       0x0000000000000000       0x32 /cygdrive/d/IOT/G510/MQTT/lib/libsys_ext.a(strncmp.o)
 .comment       0x0000000000000000       0x32 /cygdrive/d/IOT/G510/MQTT/lib/libsys_ext.a(strncpy.o)
 .comment       0x0000000000000000       0x32 /cygdrive/d/IOT/G510/MQTT/lib/libsys_ext.a(strstr.o)
 .comment       0x0000000000000000       0x32 /cygdrive/d/IOT/G510/MQTT/lib/libsys_ext.a(strtok.o)
 .comment       0x0000000000000000       0x32 /cygdrive/d/IOT/G510/MQTT/lib/libsys_ext.a(strtol.o)
 .comment       0x0000000000000000       0x32 /cygdrive/d/IOT/G510/MQTT/lib/libsys_ext.a(vsprintf.o)
 .comment       0x0000000000000000       0x32 /cygdrive/d/IOT/G510/MQTT/lib/sys_init.lib(sys_callback.o)
 .comment       0x0000000000000000       0x32 /cygdrive/d/IOT/G510/MQTT/lib/sys_init.lib(sys_services.o)

.gnu.attributes
                0x0000000000000000       0x10
 .gnu.attributes
                0x0000000000000000       0x10 /cygdrive/d/IOT/G510/MQTT/build/LPG.o
 .gnu.attributes
                0x0000000000000010       0x10 /cygdrive/d/IOT/G510/MQTT/build/MQTTConnectClient.o
 .gnu.attributes
                0x0000000000000020       0x10 /cygdrive/d/IOT/G510/MQTT/build/MQTTDeserializePublish.o
 .gnu.attributes
                0x0000000000000030       0x10 /cygdrive/d/IOT/G510/MQTT/build/MQTTPacket.o
 .gnu.attributes
                0x0000000000000040       0x10 /cygdrive/d/IOT/G510/MQTT/build/MQTTSerializePublish.o
 .gnu.attributes
                0x0000000000000050       0x10 /cygdrive/d/IOT/G510/MQTT/build/MQTTSubscribeClient.o
 .gnu.attributes
                0x0000000000000060       0x10 /cygdrive/d/IOT/G510/MQTT/build/MQTTUnsubscribeClient.o
 .gnu.attributes
                0x0000000000000070       0x10 /cygdrive/d/IOT/G510/MQTT/build/TCP.o
 .gnu.attributes
                0x0000000000000080       0x10 /cygdrive/d/IOT/G510/MQTT/build/app.o
 .gnu.attributes
                0x0000000000000090       0x10 /cygdrive/d/IOT/G510/MQTT/build/ca.o
 .gnu.attributes
                0x00000000000000a0       0x10 /cygdrive/d/IOT/G510/MQTT/build/cmd.o
 .gnu.attributes
                0x00000000000000b0       0x10 /cygdrive/d/IOT/G510/MQTT/build/debug.o
 .gnu.attributes
                0x00000000000000c0       0x10 /cygdrive/d/IOT/G510/MQTT/build/device.o
 .gnu.attributes
                0x00000000000000d0       0x10 /cygdrive/d/IOT/G510/MQTT/build/genaric.o
 .gnu.attributes
                0x00000000000000e0       0x10 /cygdrive/d/IOT/G510/MQTT/build/guider.o
 .gnu.attributes
                0x00000000000000f0       0x10 /cygdrive/d/IOT/G510/MQTT/build/hardware.o
 .gnu.attributes
                0x0000000000000100       0x10 /cygdrive/d/IOT/G510/MQTT/build/http.o
 .gnu.attributes
                0x0000000000000110       0x10 /cygdrive/d/IOT/G510/MQTT/build/iot_import.o
 .gnu.attributes
                0x0000000000000120       0x10 /cygdrive/d/IOT/G510/MQTT/build/json2.o
 .gnu.attributes
                0x0000000000000130       0x10 /cygdrive/d/IOT/G510/MQTT/build/json_parser.o
 .gnu.attributes
                0x0000000000000140       0x10 /cygdrive/d/IOT/G510/MQTT/build/json_token.o
 .gnu.attributes
                0x0000000000000150       0x10 /cygdrive/d/IOT/G510/MQTT/build/lite-log.o
 .gnu.attributes
                0x0000000000000160       0x10 /cygdrive/d/IOT/G510/MQTT/build/lite-utils_prog.o
 .gnu.attributes
                0x0000000000000170       0x10 /cygdrive/d/IOT/G510/MQTT/build/lite-utils_testsuites.o
 .gnu.attributes
                0x0000000000000180       0x10 /cygdrive/d/IOT/G510/MQTT/build/manage.o
 .gnu.attributes
                0x0000000000000190       0x10 /cygdrive/d/IOT/G510/MQTT/build/mem_stats.o
 .gnu.attributes
                0x00000000000001a0       0x10 /cygdrive/d/IOT/G510/MQTT/build/mqtt_client.o
 .gnu.attributes
                0x00000000000001b0       0x10 /cygdrive/d/IOT/G510/MQTT/build/mqttcloud.o
 .gnu.attributes
                0x00000000000001c0       0x10 /cygdrive/d/IOT/G510/MQTT/build/netsysmsg.o
 .gnu.attributes
                0x00000000000001d0       0x10 /cygdrive/d/IOT/G510/MQTT/build/nwsetup.o
 .gnu.attributes
                0x00000000000001e0       0x10 /cygdrive/d/IOT/G510/MQTT/build/sdk-impl.o
 .gnu.attributes
                0x00000000000001f0       0x10 /cygdrive/d/IOT/G510/MQTT/build/string_utils.o
 .gnu.attributes
                0x0000000000000200       0x10 /cygdrive/d/IOT/G510/MQTT/build/utils_base64.o
 .gnu.attributes
                0x0000000000000210       0x10 /cygdrive/d/IOT/G510/MQTT/build/utils_epoch_time.o
 .gnu.attributes
                0x0000000000000220       0x10 /cygdrive/d/IOT/G510/MQTT/build/utils_hmac.o
 .gnu.attributes
                0x0000000000000230       0x10 /cygdrive/d/IOT/G510/MQTT/build/utils_httpc.o
 .gnu.attributes
                0x0000000000000240       0x10 /cygdrive/d/IOT/G510/MQTT/build/utils_list.o
 .gnu.attributes
                0x0000000000000250       0x10 /cygdrive/d/IOT/G510/MQTT/build/utils_md5.o
 .gnu.attributes
                0x0000000000000260       0x10 /cygdrive/d/IOT/G510/MQTT/build/utils_net.o
 .gnu.attributes
                0x0000000000000270       0x10 /cygdrive/d/IOT/G510/MQTT/build/utils_sha1.o
 .gnu.attributes
                0x0000000000000280       0x10 /cygdrive/d/IOT/G510/MQTT/build/utils_timer.o
 .gnu.attributes
                0x0000000000000290       0x10 /cygdrive/d/IOT/G510/MQTT/lib/libsys_ext.a(atoi.o)
 .gnu.attributes
                0x00000000000002a0       0x10 /cygdrive/d/IOT/G510/MQTT/lib/libsys_ext.a(ctype.o)
 .gnu.attributes
                0x00000000000002b0       0x10 /cygdrive/d/IOT/G510/MQTT/lib/libsys_ext.a(inet.o)
 .gnu.attributes
                0x00000000000002c0       0x10 /cygdrive/d/IOT/G510/MQTT/lib/libsys_ext.a(memcmp.o)
 .gnu.attributes
                0x00000000000002d0       0x10 /cygdrive/d/IOT/G510/MQTT/lib/libsys_ext.a(memcpy.o)
 .gnu.attributes
                0x00000000000002e0       0x10 /cygdrive/d/IOT/G510/MQTT/lib/libsys_ext.a(memmove.o)
 .gnu.attributes
                0x00000000000002f0       0x10 /cygdrive/d/IOT/G510/MQTT/lib/libsys_ext.a(memset.o)
 .gnu.attributes
                0x0000000000000300       0x10 /cygdrive/d/IOT/G510/MQTT/lib/libsys_ext.a(sget_response.o)
 .gnu.attributes
                0x0000000000000310       0x10 /cygdrive/d/IOT/G510/MQTT/lib/libsys_ext.a(strcat.o)
 .gnu.attributes
                0x0000000000000320       0x10 /cygdrive/d/IOT/G510/MQTT/lib/libsys_ext.a(strchr.o)
 .gnu.attributes
                0x0000000000000330       0x10 /cygdrive/d/IOT/G510/MQTT/lib/libsys_ext.a(strcmp.o)
 .gnu.attributes
                0x0000000000000340       0x10 /cygdrive/d/IOT/G510/MQTT/lib/libsys_ext.a(strcpy.o)
 .gnu.attributes
                0x0000000000000350       0x10 /cygdrive/d/IOT/G510/MQTT/lib/libsys_ext.a(strlen.o)
 .gnu.attributes
                0x0000000000000360       0x10 /cygdrive/d/IOT/G510/MQTT/lib/libsys_ext.a(strncmp.o)
 .gnu.attributes
                0x0000000000000370       0x10 /cygdrive/d/IOT/G510/MQTT/lib/libsys_ext.a(strncpy.o)
 .gnu.attributes
                0x0000000000000380       0x10 /cygdrive/d/IOT/G510/MQTT/lib/libsys_ext.a(strstr.o)
 .gnu.attributes
                0x0000000000000390       0x10 /cygdrive/d/IOT/G510/MQTT/lib/libsys_ext.a(strtok.o)
 .gnu.attributes
                0x00000000000003a0       0x10 /cygdrive/d/IOT/G510/MQTT/lib/libsys_ext.a(strtol.o)
 .gnu.attributes
                0x00000000000003b0       0x10 /cygdrive/d/IOT/G510/MQTT/lib/libsys_ext.a(vsprintf.o)
 .gnu.attributes
                0x00000000000003c0       0x10 /cygdrive/d/IOT/G510/MQTT/lib/sys_init.lib(sys_callback.o)
 .gnu.attributes
                0x00000000000003d0       0x10 /cygdrive/d/IOT/G510/MQTT/lib/sys_init.lib(sys_services.o)
